Archive member included because of file (symbol)

../lib/libmain.a(debug-vector.o)
                              (_DebugExceptionVector)
../lib/libmain.a(double-vector.o)
                              (_DoubleExceptionVector)
../lib/libmain.a(kernel-vector.o)
                              (_KernelExceptionVector)
../lib/libmain.a(nmi-vector.o)
                              (_NMIExceptionVector)
../lib/libmain.a(user-vector.o)
                              (_UserExceptionVector)
../lib/libmain.a(vector.o)    (call_user_start)
../lib/libmain.a(app_main.o)  ../lib/libmain.a(nmi-vector.o) (NMI_Handler)
../lib/libmain.a(ets_timer.o)
                              ../lib/libmain.a(app_main.o) (ets_timer_setfn)
../lib/libmain.a(mem_manager.o)
                              ../lib/libmain.a(app_main.o) (pvPortMalloc)
../lib/libmain.a(spi_flash.o)
                              ../lib/libmain.a(app_main.o) (spi_flash_get_id)
../lib/libmain.a(user_interface.o)
                              ../lib/libmain.a(app_main.o) (done_cb)
../lib/libmain.a(eagle_lib.o)
                              ../lib/libmain.a(user_interface.o) (ets_sprintf)
../lib/libmain.a(eagle_lwip_if.o)
                              ../lib/libmain.a(user_interface.o) (hostname)
user/.output/eagle/debug/lib/libuser.a(user_main.o)
                              ../lib/libmain.a(app_main.o) (user_init)
user/.output/eagle/debug/lib/libuser.a(AtCmd_Drv.o)
                              user/.output/eagle/debug/lib/libuser.a(user_main.o) (ATCMD_Init)
user/.output/eagle/debug/lib/libuser.a(AirKiss_Drv.o)
                              user/.output/eagle/debug/lib/libuser.a(user_main.o) (AirKiss_Init)
user/.output/eagle/debug/lib/libuser.a(user_tcpclient.o)
                              user/.output/eagle/debug/lib/libuser.a(user_main.o) (user_set_station_config)
user/.output/eagle/debug/lib/libuser.a(WildDog_Drv.o)
                              user/.output/eagle/debug/lib/libuser.a(user_main.o) (WD_Init)
user/.output/eagle/debug/lib/libuser.a(GlobalFunc.o)
                              user/.output/eagle/debug/lib/libuser.a(AtCmd_Drv.o) (Sys_GetRunTime)
user/.output/eagle/debug/lib/libuser.a(GizCmdTest.o)
                              user/.output/eagle/debug/lib/libuser.a(user_main.o) (GizCmdTestInit)
user/.output/eagle/debug/lib/libuser.a(WDJson_Drv.o)
                              user/.output/eagle/debug/lib/libuser.a(WildDog_Drv.o) (WDJson_WriteToCloud)
user/.output/eagle/debug/lib/libuser.a(Serial_Drv.o)
                              user/.output/eagle/debug/lib/libuser.a(AtCmd_Drv.o) (SerialDrv_SetRxCompleteBool)
user/.output/eagle/debug/lib/libuser.a(SensorInterface.o)
                              user/.output/eagle/debug/lib/libuser.a(AtCmd_Drv.o) (Sensor_GetHourMinSec)
user/.output/eagle/debug/lib/libuser.a(WifiInterface.o)
                              user/.output/eagle/debug/lib/libuser.a(GizCmdTest.o) (my_wifi_is_config_mode_on)
../lib/libat.a(at_baseCmd.o)  user/.output/eagle/debug/lib/libuser.a(Serial_Drv.o) (at_set_custom_info)
../lib/libat.a(at_cmd.o)      ../lib/libat.a(at_baseCmd.o) (at_fun)
../lib/libat.a(at_ipCmd.o)    user/.output/eagle/debug/lib/libuser.a(Serial_Drv.o) (at_customLinkMax)
../lib/libat.a(at_nv_data.o)  ../lib/libat.a(at_baseCmd.o) (at_restore_param_in_flash)
../lib/libat.a(at_port.o)     ../lib/libat.a(at_ipCmd.o) (at_dataLine2)
../lib/libat.a(at_wifiCmd.o)  ../lib/libat.a(at_ipCmd.o) (at_wifiMode)
../lib/libat.a(uart.o)        ../lib/libat.a(at_ipCmd.o) (fake_uart_flag)
../lib/libat.a(at_init_para.o)
                              ../lib/libat.a(at_port.o) (user_system_init_from_flash)
/opt/xtensa-lx106-elf/bin/../lib/gcc/xtensa-lx106-elf/4.8.2/libc.a(islower.o)
                              ../lib/libat.a(at_wifiCmd.o) (islower)
/opt/xtensa-lx106-elf/bin/../lib/gcc/xtensa-lx106-elf/4.8.2/libc.a(memcmp.o)
                              user/.output/eagle/debug/lib/libuser.a(AirKiss_Drv.o) (memcmp)
/opt/xtensa-lx106-elf/bin/../lib/gcc/xtensa-lx106-elf/4.8.2/libc.a(memcpy.o)
                              user/.output/eagle/debug/lib/libuser.a(AtCmd_Drv.o) (memcpy)
/opt/xtensa-lx106-elf/bin/../lib/gcc/xtensa-lx106-elf/4.8.2/libc.a(memset.o)
                              user/.output/eagle/debug/lib/libuser.a(AirKiss_Drv.o) (memset)
/opt/xtensa-lx106-elf/bin/../lib/gcc/xtensa-lx106-elf/4.8.2/libc.a(ctype_.o)
                              /opt/xtensa-lx106-elf/bin/../lib/gcc/xtensa-lx106-elf/4.8.2/libc.a(islower.o) (_ctype_)
../lib/libgcc.a(_modsi3.o)    ../lib/libat.a(uart.o) (__modsi3)
/opt/xtensa-lx106-elf/bin/../lib/gcc/xtensa-lx106-elf/4.8.2/libhal.a(int_asm--set_intclear.o)
                              ../lib/libmain.a(app_main.o) (xthal_set_intclear)
../lib/libphy.a(phy.o)        ../lib/libmain.a(app_main.o) (phy_enable_agc)
../lib/libphy.a(phy_chip_v6_ana.o)
                              ../lib/libmain.a(app_main.o) (chip_v6_set_chan_offset)
../lib/libphy.a(phy_chip_v6.o)
[...]
Memory Configuration

Name             Origin             Length             Attributes
dport0_0_seg     0x3ff00000         0x00000010
dram0_0_seg      0x3ffe8000         0x00014000
iram1_0_seg      0x40100000         0x00008000
irom0_0_seg      0x40201010         0x0006b000
*default*        0x00000000         0xffffffff

Linker script and memory map

START GROUP
LOAD /opt/xtensa-lx106-elf/bin/../lib/gcc/xtensa-lx106-elf/4.8.2/libc.a
LOAD ../lib/libm.a
LOAD ../lib/libgcc.a
LOAD /opt/xtensa-lx106-elf/bin/../lib/gcc/xtensa-lx106-elf/4.8.2/libhal.a
LOAD ../lib/libphy.a
LOAD ../lib/libpp.a
LOAD ../lib/libnet80211.a
LOAD ../lib/liblwip.a
LOAD ../lib/libwpa.a
LOAD ../lib/libcrypto.a
LOAD ../lib/libmain.a
LOAD ../lib/libjson.a
LOAD ../lib/libupgrade.a
LOAD ../lib/libssl.a
LOAD ../lib/libpwm.a
LOAD ../lib/libwps.a
LOAD ../lib/libsmartconfig.a
LOAD ../lib/libwilddog.a
LOAD ../lib/libairkiss.a
LOAD user/.output/eagle/debug/lib/libuser.a
LOAD driver/.output/eagle/debug/lib/libdriver.a
LOAD ../lib/libat.a
END GROUP
                0x40000000                PROVIDE (_memmap_vecbase_reset, 0x40000000)
                0x00000110                _memmap_cacheattr_wb_base = 0x110
                0x00000110                _memmap_cacheattr_wt_base = 0x110
                0x00000220                _memmap_cacheattr_bp_base = 0x220
                0xfffff00f                _memmap_cacheattr_unused_mask = 0xfffff00f
                0x2222211f                _memmap_cacheattr_wb_trapnull = 0x2222211f
                0x2222211f                _memmap_cacheattr_wba_trapnull = 0x2222211f
                0x2222211f                _memmap_cacheattr_wbna_trapnull = 0x2222211f
                0x2222211f                _memmap_cacheattr_wt_trapnull = 0x2222211f
                0x2222222f                _memmap_cacheattr_bp_trapnull = 0x2222222f
                0xfffff11f                _memmap_cacheattr_wb_strict = 0xfffff11f
                0xfffff11f                _memmap_cacheattr_wt_strict = 0xfffff11f
                0xfffff22f                _memmap_cacheattr_bp_strict = 0xfffff22f
                0x22222112                _memmap_cacheattr_wb_allvalid = 0x22222112
                0x22222112                _memmap_cacheattr_wt_allvalid = 0x22222112
                0x22222222                _memmap_cacheattr_bp_allvalid = 0x22222222
                0x2222211f                PROVIDE (_memmap_cacheattr_reset, _memmap_cacheattr_wb_trapnull)

.dport0.rodata  0x3ff00000        0x0
                0x3ff00000                _dport0_rodata_start = ABSOLUTE (.)
 *(.dport0.rodata)
 *(.dport.rodata)
                0x3ff00000                _dport0_rodata_end = ABSOLUTE (.)

.dport0.literal
                0x3ff00000        0x0
                0x3ff00000                _dport0_literal_start = ABSOLUTE (.)
 *(.dport0.literal)
 *(.dport.literal)
                0x3ff00000                _dport0_literal_end = ABSOLUTE (.)

.dport0.data    0x3ff00000        0x0
                0x3ff00000                _dport0_data_start = ABSOLUTE (.)
 *(.dport0.data)
 *(.dport.data)
                0x3ff00000                _dport0_data_end = ABSOLUTE (.)

.data           0x3ffe8000      0x9a4
                0x3ffe8000                _data_start = ABSOLUTE (.)
 *(.data)
 .data          0x3ffe8000        0x0 ../lib/libmain.a(debug-vector.o)
 .data          0x3ffe8000        0x0 ../lib/libmain.a(double-vector.o)
 .data          0x3ffe8000        0x0 ../lib/libmain.a(kernel-vector.o)
 .data          0x3ffe8000        0x4 ../lib/libmain.a(nmi-vector.o)
                0x3ffe8000                _Pri_3_HandlerAddress
 .data          0x3ffe8004        0x0 ../lib/libmain.a(user-vector.o)
 .data          0x3ffe8004        0x0 ../lib/libmain.a(vector.o)
 .data          0x3ffe8004        0x1 ../lib/libmain.a(app_main.o)
 .data          0x3ffe8005        0x0 ../lib/libmain.a(ets_timer.o)
 .data          0x3ffe8005        0x0 ../lib/libmain.a(mem_manager.o)
 .data          0x3ffe8005        0x0 ../lib/libmain.a(spi_flash.o)
 *fill*         0x3ffe8005        0x3 
 .data          0x3ffe8008        0x6 ../lib/libmain.a(user_interface.o)
                0x3ffe8009                timer2_ms_flag
                0x3ffe800a                dhcps_flag
                0x3ffe800b                dhcpc_flag
                0x3ffe800d                reconnect_internal
 .data          0x3ffe800e        0x0 ../lib/libmain.a(eagle_lib.o)
 *fill*         0x3ffe800e        0x2 
 .data          0x3ffe8010        0x1 ../lib/libmain.a(eagle_lwip_if.o)
                0x3ffe8010                default_hostname
 .data          0x3ffe8011        0x0 user/.output/eagle/debug/lib/libuser.a(user_main.o)
 .data          0x3ffe8011        0x0 user/.output/eagle/debug/lib/libuser.a(AtCmd_Drv.o)
 .data          0x3ffe8011        0x0 user/.output/eagle/debug/lib/libuser.a(AirKiss_Drv.o)
 .data          0x3ffe8011        0x0 user/.output/eagle/debug/lib/libuser.a(user_tcpclient.o)
 .data          0x3ffe8011        0x0 user/.output/eagle/debug/lib/libuser.a(WildDog_Drv.o)
 .data          0x3ffe8011        0x0 user/.output/eagle/debug/lib/libuser.a(GlobalFunc.o)
 .data          0x3ffe8011        0x0 user/.output/eagle/debug/lib/libuser.a(GizCmdTest.o)
 .data          0x3ffe8011        0x0 user/.output/eagle/debug/lib/libuser.a(WDJson_Drv.o)
 .data          0x3ffe8011        0x0 user/.output/eagle/debug/lib/libuser.a(Serial_Drv.o)
 .data          0x3ffe8011        0x0 user/.output/eagle/debug/lib/libuser.a(SensorInterface.o)
 .data          0x3ffe8011        0x0 user/.output/eagle/debug/lib/libuser.a(WifiInterface.o)
 .data          0x3ffe8011        0x0 ../lib/libat.a(at_baseCmd.o)
 .data          0x3ffe8011        0x0 ../lib/libat.a(at_cmd.o)
 *fill*         0x3ffe8011        0x3 
 .data          0x3ffe8014        0x9 ../lib/libat.a(at_ipCmd.o)
 *fill*         0x3ffe801d        0x3 
 .data          0x3ffe8020        0x2 ../lib/libat.a(at_nv_data.o)
                0x3ffe8020                ESP_PARAM_START_SEC
 *fill*         0x3ffe8022        0x2 
 .data          0x3ffe8024        0x3 ../lib/libat.a(at_port.o)
                0x3ffe8024                at_escape_character
                0x3ffe8025                echoFlag
                0x3ffe8026                specialAtState
 *fill*         0x3ffe8027        0x1 
 .data          0x3ffe8028        0xc ../lib/libat.a(at_wifiCmd.o)
                0x3ffe8028                ap_print_mask
                0x3ffe802c                at_join_ap_wait_time
                0x3ffe8030                mdState
 .data          0x3ffe8034        0x0 ../lib/libat.a(uart.o)
 .data          0x3ffe8034        0x0 ../lib/libat.a(at_init_para.o)
 .data          0x3ffe8034        0x0 /opt/xtensa-lx106-elf/bin/../lib/gcc/xtensa-lx106-elf/4.8.2/libc.a(islower.o)
 .data          0x3ffe8034        0x0 /opt/xtensa-lx106-elf/bin/../lib/gcc/xtensa-lx106-elf/4.8.2/libc.a(memcmp.o)
 .data          0x3ffe8034        0x0 /opt/xtensa-lx106-elf/bin/../lib/gcc/xtensa-lx106-elf/4.8.2/libc.a(memcpy.o)
 .data          0x3ffe8034        0x0 /opt/xtensa-lx106-elf/bin/../lib/gcc/xtensa-lx106-elf/4.8.2/libc.a(memset.o)
 .data          0x3ffe8034        0x4 /opt/xtensa-lx106-elf/bin/../lib/gcc/xtensa-lx106-elf/4.8.2/libc.a(ctype_.o)
                0x3ffe8034                __ctype_ptr
 .data          0x3ffe8038        0x0 ../lib/libgcc.a(_modsi3.o)
 .data          0x3ffe8038        0x0 /opt/xtensa-lx106-elf/bin/../lib/gcc/xtensa-lx106-elf/4.8.2/libhal.a(int_asm--set_intclear.o)
 .data          0x3ffe8038        0x0 ../lib/libphy.a(phy.o)
 .data          0x3ffe8038        0x0 ../lib/libphy.a(phy_chip_v6_ana.o)
 *fill*         0x3ffe8038        0x8 
 .data          0x3ffe8040       0x53 ../lib/libphy.a(phy_chip_v6.o)
                0x3ffe8042                tx_rf_ana_gain
                0x3ffe8070                rx_gain_swp
                0x3ffe8090                test_rffreq_txcap
 *fill*         0x3ffe8093        0x1 
 .data          0x3ffe8094        0x1 ../lib/libphy.a(phy_chip_v6_cal.o)
                0x3ffe8094                rfcal_bb_atten_init
 .data          0x3ffe8095        0x0 ../lib/libphy.a(phy_chip_v6_unused.o)
 *fill*         0x3ffe8095        0x3 
 .data          0x3ffe8098        0x4 ../lib/libphy.a(phy_sleep.o)
                0x3ffe8098                chip_version
 .data          0x3ffe809c        0x0 ../lib/libpp.a(if_hwctrl.o)
 .data          0x3ffe809c        0x0 ../lib/libpp.a(lmac.o)
 .data          0x3ffe809c        0x1 ../lib/libpp.a(pm.o)
 *fill*         0x3ffe809d        0x3 
 .data          0x3ffe80a0        0x1 ../lib/libpp.a(pm_for_bcn_only_mode.o)
 *fill*         0x3ffe80a1        0x3 
 .data          0x3ffe80a4       0x1c ../lib/libpp.a(pp.o)
                0x3ffe80a4                soft_wdt_interval
                0x3ffe80a8                NoiseTimerInterval
                0x3ffe80b0                sleep_start_wait_time
                0x3ffe80b8                CanDoFreqCal
                0x3ffe80bc                tcb
 .data          0x3ffe80c0       0x40 ../lib/libpp.a(rate_control.o)
 .data          0x3ffe8100      0x24c ../lib/libpp.a(trc.o)
 .data          0x3ffe834c        0x8 ../lib/libpp.a(wdev.o)
 .data          0x3ffe8354        0x0 ../lib/libpp.a(esf_buf.o)
 .data          0x3ffe8354        0x0 ../lib/libnet80211.a(ieee80211.o)
 .data          0x3ffe8354        0x0 ../lib/libnet80211.a(ieee80211_crypto.o)
 .data          0x3ffe8354        0x0 ../lib/libnet80211.a(ieee80211_ets.o)
 .data          0x3ffe8354        0x1 ../lib/libnet80211.a(ieee80211_hostap.o)
                0x3ffe8354                TmpSTAAPCloseAP
 .data          0x3ffe8355        0x0 ../lib/libnet80211.a(ieee80211_ht.o)
 .data          0x3ffe8355        0x0 ../lib/libnet80211.a(ieee80211_input.o)
 .data          0x3ffe8355        0x0 ../lib/libnet80211.a(ieee80211_mesh_quick.o)
 .data          0x3ffe8355        0x0 ../lib/libnet80211.a(ieee80211_output.o)
 .data          0x3ffe8355        0x0 ../lib/libnet80211.a(ieee80211_phy.o)
 .data          0x3ffe8355        0x0 ../lib/libnet80211.a(ieee80211_power.o)
 .data          0x3ffe8355        0x0 ../lib/libnet80211.a(ieee80211_proto.o)
 .data          0x3ffe8355        0x0 ../lib/libnet80211.a(ieee80211_rfid.o)
 .data          0x3ffe8355        0x0 ../lib/libnet80211.a(ieee80211_scan.o)
 .data          0x3ffe8355        0x0 ../lib/libnet80211.a(ieee80211_sta.o)
 .data          0x3ffe8355        0x0 ../lib/libnet80211.a(wl_chm.o)
 *fill*         0x3ffe8355        0x3 
 .data          0x3ffe8358        0x1 ../lib/libnet80211.a(wl_cnx.o)
 *fill*         0x3ffe8359        0x7 
 .data          0x3ffe8360       0x1c ../lib/libnet80211.a(ieee80211_action.o)
 .data          0x3ffe837c        0x0 ../lib/libnet80211.a(ieee80211_action_vendor.o)
 .data          0x3ffe837c        0x0 ../lib/libnet80211.a(ieee80211_crypto_ccmp.o)
 .data          0x3ffe837c        0x0 ../lib/libnet80211.a(ieee80211_ie_vendor.o)
 .data          0x3ffe837c        0x4 ../lib/liblwip.a(dhcp.o)
 .data          0x3ffe8380        0x5 ../lib/liblwip.a(dhcpserver.o)
                0x3ffe8380                dhcps_lease_time
 .data          0x3ffe8385        0x0 ../lib/liblwip.a(dns.o)
 .data          0x3ffe8385        0x0 ../lib/liblwip.a(espconn_mdns.o)
 .data          0x3ffe8385        0x0 ../lib/liblwip.a(espconn.o)
 .data          0x3ffe8385        0x0 ../lib/liblwip.a(espconn_tcp.o)
 .data          0x3ffe8385        0x0 ../lib/liblwip.a(espconn_udp.o)
 .data          0x3ffe8385        0x0 ../lib/liblwip.a(etharp.o)
 .data          0x3ffe8385        0x0 ../lib/liblwip.a(igmp.o)
 .data          0x3ffe8385        0x0 ../lib/liblwip.a(inet_chksum.o)
 .data          0x3ffe8385        0x0 ../lib/liblwip.a(init.o)
 .data          0x3ffe8385        0x0 ../lib/liblwip.a(ip_addr.o)
 .data          0x3ffe8385        0x0 ../lib/liblwip.a(ip.o)
 .data          0x3ffe8385        0x0 ../lib/liblwip.a(mdns.o)
 *fill*         0x3ffe8385        0x3 
 .data          0x3ffe8388        0x2 ../lib/liblwip.a(memp.o)
                0x3ffe8388                memp_sizes_test
 .data          0x3ffe838a        0x0 ../lib/liblwip.a(netif.o)
 .data          0x3ffe838a        0x0 ../lib/liblwip.a(pbuf.o)
 .data          0x3ffe838a        0x0 ../lib/liblwip.a(ping.o)
 .data          0x3ffe838a        0x0 ../lib/liblwip.a(raw.o)
 .data          0x3ffe838a        0x0 ../lib/liblwip.a(tcp_in.o)
 *fill*         0x3ffe838a        0x2 
 .data          0x3ffe838c        0x8 ../lib/liblwip.a(tcp.o)
 .data          0x3ffe8394        0x0 ../lib/liblwip.a(tcp_out.o)
 .data          0x3ffe8394        0x0 ../lib/liblwip.a(timers.o)
 .data          0x3ffe8394        0x0 ../lib/liblwip.a(udp.o)
 .data          0x3ffe8394        0x0 ../lib/liblwip.a(icmp.o)
 .data          0x3ffe8394        0x0 ../lib/libwpa.a(ap_config.o)
 .data          0x3ffe8394        0x0 ../lib/libwpa.a(common.o)
 .data          0x3ffe8394        0x0 ../lib/libwpa.a(os_xtensa.o)
 .data          0x3ffe8394        0x0 ../lib/libwpa.a(wpa_auth.o)
 .data          0x3ffe8394        0x0 ../lib/libwpa.a(wpa_auth_ie.o)
 .data          0x3ffe8394        0x0 ../lib/libwpa.a(wpa.o)
 .data          0x3ffe8394        0x0 ../lib/libwpa.a(wpa_common.o)
 .data          0x3ffe8394        0x0 ../lib/libwpa.a(wpa_debug.o)
 .data          0x3ffe8394        0x0 ../lib/libwpa.a(wpa_ie.o)
 .data          0x3ffe8394        0x0 ../lib/libwpa.a(wpa_main.o)
 .data          0x3ffe8394        0x0 ../lib/libwpa.a(wpas_glue.o)
 .data          0x3ffe8394        0x0 ../lib/libcrypto.a(aes-wrap.o)
 .data          0x3ffe8394        0x0 ../lib/libcrypto.a(aes-internal-enc.o)
 .data          0x3ffe8394        0x0 ../lib/libcrypto.a(aes-internal.o)
 .data          0x3ffe8394       0x34 ../lib/libssl.a(espconn_secure.o)
                0x3ffe8394                ssl_option
 .data          0x3ffe83c8        0x0 ../lib/libssl.a(espconn_ssl.o)
 .data          0x3ffe83c8        0x0 ../lib/libssl.a(ssl_loader.o)
 .data          0x3ffe83c8        0x0 ../lib/libssl.a(ssl_md5.o)
 .data          0x3ffe83c8        0x0 ../lib/libssl.a(ssl_tls1_clnt.o)
 .data          0x3ffe83c8        0x8 ../lib/libssl.a(ssl_tls1.o)
 .data          0x3ffe83d0        0x0 ../lib/libssl.a(ssl_tls1_svr.o)
 .data          0x3ffe83d0        0x0 ../lib/libssl.a(ssl_x509.o)
 .data          0x3ffe83d0        0x0 ../lib/libssl.a(sha256.o)
 .data          0x3ffe83d0        0x0 ../lib/libssl.a(sha384.o)
 .data          0x3ffe83d0        0x0 ../lib/libssl.a(sha512.o)
 .data          0x3ffe83d0        0x0 ../lib/libssl.a(ssl_aes.o)
 .data          0x3ffe83d0        0x0 ../lib/libssl.a(ssl_asn1.o)
 .data          0x3ffe83d0        0x0 ../lib/libssl.a(ssl_bigint.o)
 .data          0x3ffe83d0        0x0 ../lib/libssl.a(ssl_crypto_misc.o)
 .data          0x3ffe83d0        0x0 ../lib/libssl.a(ssl_hmac.o)
 .data          0x3ffe83d0        0x0 ../lib/libssl.a(ssl_os_port.o)
 .data          0x3ffe83d0        0x0 ../lib/libssl.a(ssl_rc4.o)
 .data          0x3ffe83d0        0x0 ../lib/libssl.a(ssl_rsa.o)
 .data          0x3ffe83d0        0x0 ../lib/libssl.a(ssl_sha1.o)
 .data          0x3ffe83d0        0x0 ../lib/libwps.a(wps.o)
 .data          0x3ffe83d0        0x0 ../lib/libwps.a(wps_common.o)
 .data          0x3ffe83d0        0x0 ../lib/libwps.a(wps_dev_attr.o)
 .data          0x3ffe83d0        0x0 ../lib/libwps.a(wps_enrollee.o)
 .data          0x3ffe83d0        0x0 ../lib/libwps.a(wps_registrar.o)
 .data          0x3ffe83d0        0x0 ../lib/libwps.a(wps_validate.o)
 .data          0x3ffe83d0        0x0 ../lib/libwps.a(eap_common.o)
 .data          0x3ffe83d0        0x0 ../lib/libwps.a(uuid.o)
 .data          0x3ffe83d0        0x0 ../lib/libwps.a(wps_attr_build.o)
 .data          0x3ffe83d0        0x0 ../lib/libwps.a(wps_attr_parse.o)
 .data          0x3ffe83d0        0x0 ../lib/libwps.a(wps_attr_process.o)
 .data          0x3ffe83d0        0xe ../lib/libsmartconfig.a(sc_sniffer.o)
                0x3ffe83d0                g_SC_Select
                0x3ffe83d8                ET_Group_bssid
 *fill*         0x3ffe83de        0x2 
 .data          0x3ffe83e0        0x6 ../lib/libsmartconfig.a(sc_airkiss.o)
                0x3ffe83e0                AK_Group_bssid
 *fill*         0x3ffe83e6        0x2 
 .data          0x3ffe83e8        0x1 ../lib/libsmartconfig.a(sc_esptouch.o)
                0x3ffe83e8                g_ET_TimeOut
 .data          0x3ffe83e9        0x0 ../lib/libwilddog.a(wilddog_api.o)
 .data          0x3ffe83e9        0x0 ../lib/libwilddog.a(wilddog_common.o)
 .data          0x3ffe83e9        0x0 ../lib/libwilddog.a(wilddog_ct.o)
 .data          0x3ffe83e9        0x0 ../lib/libwilddog.a(wilddog_espressif.o)
 .data          0x3ffe83e9        0x0 ../lib/libwilddog.a(wilddog_node.o)
 .data          0x3ffe83e9        0x0 ../lib/libwilddog.a(wilddog_store.o)
 .data          0x3ffe83e9        0x0 ../lib/libwilddog.a(wilddog_url_parser.o)
 .data          0x3ffe83e9        0x0 ../lib/libwilddog.a(wilddog_conn.o)
 .data          0x3ffe83e9        0x0 ../lib/libwilddog.a(wilddog_conn_coap.o)
 .data          0x3ffe83e9        0x0 ../lib/libwilddog.a(wilddog_conn_manage.o)
 .data          0x3ffe83e9        0x0 ../lib/libwilddog.a(wilddog_event.o)
 .data          0x3ffe83e9        0x0 ../lib/libwilddog.a(wilddog_nosec.o)
 .data          0x3ffe83e9        0x0 ../lib/libwilddog.a(wilddog_sec_host.o)
 .data          0x3ffe83e9        0x0 ../lib/libwilddog.a(option.o)
 .data          0x3ffe83e9        0x0 ../lib/libwilddog.a(pdu.o)
 .data          0x3ffe83e9        0x0 ../lib/libwilddog.a(wilddog_cbor.o)
 .data          0x3ffe83e9        0x0 ../lib/libairkiss.a(airlink.o)
 .data          0x3ffe83e9        0x0 /opt/xtensa-lx106-elf/bin/../lib/gcc/xtensa-lx106-elf/4.8.2/libc.a(atoi.o)
 .data          0x3ffe83e9        0x0 /opt/xtensa-lx106-elf/bin/../lib/gcc/xtensa-lx106-elf/4.8.2/libc.a(rand.o)
 .data          0x3ffe83e9        0x0 /opt/xtensa-lx106-elf/bin/../lib/gcc/xtensa-lx106-elf/4.8.2/libc.a(strchr.o)
 .data          0x3ffe83e9        0x0 /opt/xtensa-lx106-elf/bin/../lib/gcc/xtensa-lx106-elf/4.8.2/libc.a(strtol.o)
 *fill*         0x3ffe83e9        0x7 
 .data          0x3ffe83f0      0x404 /opt/xtensa-lx106-elf/bin/../lib/gcc/xtensa-lx106-elf/4.8.2/libc.a(impure.o)
                0x3ffe87f0                _impure_ptr
 .data          0x3ffe87f4        0x0 ../lib/libgcc.a(_ashrdi3.o)
 .data          0x3ffe87f4        0x0 ../lib/libgcc.a(_mulsf3.o)
 .data          0x3ffe87f4        0x0 ../lib/libgcc.a(_divsf3.o)
 .data          0x3ffe87f4        0x0 ../lib/libgcc.a(_fixsfsi.o)
 .data          0x3ffe87f4        0x0 ../lib/libgcc.a(_cmpdf2.o)
 .data          0x3ffe87f4        0x0 ../lib/libnet80211.a(ieee80211_crypto_tkip.o)
 .data          0x3ffe87f4        0x0 ../lib/libnet80211.a(ieee80211_crypto_wep.o)
 .data          0x3ffe87f4        0x0 ../lib/libwpa.a(wpabuf.o)
 .data          0x3ffe87f4        0x0 ../lib/libcrypto.a(aes-cbc.o)
 .data          0x3ffe87f4        0x0 ../lib/libcrypto.a(aes-internal-dec.o)
 .data          0x3ffe87f4        0x0 ../lib/libcrypto.a(dh_group5.o)
 *fill*         0x3ffe87f4        0xc 
 .data          0x3ffe8800       0x14 ../lib/libcrypto.a(dh_groups.o)
 .data          0x3ffe8814        0x0 ../lib/libcrypto.a(sha256.o)
 .data          0x3ffe8814        0x0 ../lib/libcrypto.a(sha256-internal.o)
 .data          0x3ffe8814        0x0 ../lib/libcrypto.a(crypto_internal-modexp.o)
 .data          0x3ffe8814        0x0 ../lib/libcrypto.a(bignum.o)
 *(.data.*)
 .data.temp$3348
                0x3ffe8814        0x4 user/.output/eagle/debug/lib/libuser.a(WDJson_Drv.o)
 .data.isNextDataToPush
                0x3ffe8818        0x4 user/.output/eagle/debug/lib/libuser.a(WDJson_Drv.o)
 .data.at_custom_cmd
                0x3ffe881c       0x18 user/.output/eagle/debug/lib/libuser.a(Serial_Drv.o)
                0x3ffe881c                at_custom_cmd
 .data.Wilddog_ApiCmd_FuncTable
                0x3ffe8834       0x58 ../lib/libwilddog.a(wilddog_ct.o)
                0x3ffe8834                Wilddog_ApiCmd_FuncTable
 .data._wilddog_conn_funcTable
                0x3ffe888c       0x44 ../lib/libwilddog.a(wilddog_conn.o)
                0x3ffe888c                _wilddog_conn_funcTable
 .data._wilddog_connCallBack_funcTable
                0x3ffe88d0       0x38 ../lib/libwilddog.a(wilddog_conn.o)
                0x3ffe88d0                _wilddog_connCallBack_funcTable
 .data._wilddog_protocolPackage_funcTable
                0x3ffe8908       0x3c ../lib/libwilddog.a(wilddog_conn_coap.o)
                0x3ffe8908                _wilddog_protocolPackage_funcTable
 .data._wilddog_cm_funcTable
                0x3ffe8944       0x38 ../lib/libwilddog.a(wilddog_conn_manage.o)
                0x3ffe8944                _wilddog_cm_funcTable
 .data.l_defaultAddr_t
                0x3ffe897c       0x28 ../lib/libwilddog.a(wilddog_sec_host.o)
 *(.gnu.linkonce.d.*)
 *(.data1)
 *(.sdata)
 *(.sdata.*)
 *(.gnu.linkonce.s.*)
 *(.sdata2)
 *(.sdata2.*)
 *(.gnu.linkonce.s2.*)
 *(.jcr)
                0x3ffe89a4                _data_end = ABSOLUTE (.)

.rodata         0x3ffe89b0     0x49b8
                0x3ffe89b0                _rodata_start = ABSOLUTE (.)
 *(.sdk.version)
 .sdk.version   0x3ffe89b0       0x10 ../lib/libmain.a(app_main.o)
                0x3ffe89b0                SDK_VERSION
 *(.rodata)
 .rodata        0x3ffe89c0       0x14 user/.output/eagle/debug/lib/libuser.a(AirKiss_Drv.o)
 .rodata        0x3ffe89d4       0x60 user/.output/eagle/debug/lib/libuser.a(WildDog_Drv.o)
 .rodata        0x3ffe8a34       0x10 ../lib/libat.a(at_wifiCmd.o)
                0x3ffe8a34                akconf
 *fill*         0x3ffe8a44        0xc 
 .rodata        0x3ffe8a50      0x101 /opt/xtensa-lx106-elf/bin/../lib/gcc/xtensa-lx106-elf/4.8.2/libc.a(ctype_.o)
                0x3ffe8a50                _ctype_
 *fill*         0x3ffe8b51        0x3 
 .rodata        0x3ffe8b54        0x8 ../lib/libphy.a(phy_chip_v6_ana.o)
 .rodata        0x3ffe8b5c        0x8 ../lib/libphy.a(phy_chip_v6.o)
 .rodata        0x3ffe8b64        0x4 ../lib/libpp.a(pp.o)
 .rodata        0x3ffe8b68        0x8 ../lib/libnet80211.a(ieee80211_hostap.o)
 .rodata        0x3ffe8b70        0x9 ../lib/libnet80211.a(ieee80211_output.o)
 *fill*         0x3ffe8b79        0x3 
 .rodata        0x3ffe8b7c        0x6 ../lib/liblwip.a(etharp.o)
                0x3ffe8b7c                ethbroadcast
 *fill*         0x3ffe8b82        0xe 
 .rodata        0x3ffe8b90       0x34 ../lib/libssl.a(ssl_loader.o)
 *fill*         0x3ffe8bc4        0xc 
 .rodata        0x3ffe8bd0       0x40 ../lib/libssl.a(ssl_md5.o)
 .rodata        0x3ffe8c10       0x74 ../lib/libssl.a(ssl_tls1.o)
                0x3ffe8c64                ssl_prot_prefs
 *fill*         0x3ffe8c84        0x4 
 .rodata        0x3ffe8c88       0x10 ../lib/libssl.a(ssl_tls1_svr.o)
 *fill*         0x3ffe8c98        0x8 
 .rodata        0x3ffe8ca0       0x40 ../lib/libssl.a(sha256.o)
 .rodata        0x3ffe8ce0      0x300 ../lib/libssl.a(sha512.o)
 .rodata        0x3ffe8fe0      0x220 ../lib/libssl.a(ssl_aes.o)
 .rodata        0x3ffe9200       0x48 ../lib/libssl.a(ssl_asn1.o)
 *fill*         0x3ffe9248        0x8 
 .rodata        0x3ffe9250       0x90 ../lib/libssl.a(ssl_crypto_misc.o)
                0x3ffe9250                unsupported_str
 .rodata        0x3ffe92e0       0x10 ../lib/libssl.a(ssl_sha1.o)
 .rodata        0x3ffe92f0        0x6 ../lib/libwps.a(wps.o)
 *fill*         0x3ffe92f6        0xa 
 .rodata        0x3ffe9300       0x10 ../lib/libwps.a(wps_common.o)
 .rodata        0x3ffe9310        0xf ../lib/libwps.a(wps_registrar.o)
 *fill*         0x3ffe931f        0x1 
 .rodata        0x3ffe9320        0x7 ../lib/libsmartconfig.a(sc_sniffer.o)
                0x3ffe9320                SC_VERSION
 *fill*         0x3ffe9327        0x1 
 .rodata        0x3ffe9328        0x8 ../lib/libsmartconfig.a(sc_airkiss.o)
                0x3ffe9328                RSSI_MIN
                0x3ffe9329                RSSI_BEAR
                0x3ffe932a                DATA_RSSI_BEAR
                0x3ffe932c                weixin_ip
 .rodata        0x3ffe9330       0x34 ../lib/libwilddog.a(wilddog_store.o)
 .rodata        0x3ffe9364       0x28 ../lib/libwilddog.a(wilddog_conn_coap.o)
 .rodata        0x3ffe938c        0x4 ../lib/libairkiss.a(airlink.o)
 .rodata        0x3ffe9390        0x4 /opt/xtensa-lx106-elf/bin/../lib/gcc/xtensa-lx106-elf/4.8.2/libc.a(impure.o)
                0x3ffe9390                _global_impure_ptr
 *fill*         0x3ffe9394        0xc 
 .rodata        0x3ffe93a0       0xd0 ../lib/libcrypto.a(dh_groups.o)
 .rodata        0x3ffe9470      0x100 ../lib/libcrypto.a(sha256-internal.o)
 *(.rodata.*)
 .rodata.str1.4
                0x3ffe9570        0xc ../lib/libmain.a(app_main.o)
 .rodata.str1.4
                0x3ffe957c        0x4 ../lib/libmain.a(ets_timer.o)
                                  0xc (size before relaxing)
 .rodata.str1.4
                0x3ffe9580       0x1a ../lib/libmain.a(mem_manager.o)
 .rodata.str1.1
                0x3ffe959a      0x55a user/.output/eagle/debug/lib/libuser.a(AtCmd_Drv.o)
                                0x571 (size before relaxing)
 .rodata.tCmdTable
                0x3ffe9af4       0x99 user/.output/eagle/debug/lib/libuser.a(AtCmd_Drv.o)
 .rodata.str1.1
                0x3ffe9b8d      0x1e6 user/.output/eagle/debug/lib/libuser.a(AirKiss_Drv.o)
 *fill*         0x3ffe9d73        0x1 
 .rodata.akconfig
                0x3ffe9d74       0x10 user/.output/eagle/debug/lib/libuser.a(AirKiss_Drv.o)
                0x3ffe9d74                akconfig
 .rodata.str1.1
                0x3ffe9d84       0x42 user/.output/eagle/debug/lib/libuser.a(WildDog_Drv.o)
 .rodata.str1.1
                0x3ffe9dc6       0x37 user/.output/eagle/debug/lib/libuser.a(GlobalFunc.o)
 *fill*         0x3ffe9dfd        0x3 
 .rodata.Sys_GetVersion
                0x3ffe9e00       0x14 user/.output/eagle/debug/lib/libuser.a(GlobalFunc.o)
 .rodata.str1.1
                0x3ffe9e14       0xcf user/.output/eagle/debug/lib/libuser.a(GizCmdTest.o)
 .rodata.str1.1
                0x3ffe9ee3      0x463 user/.output/eagle/debug/lib/libuser.a(WDJson_Drv.o)
                                0x464 (size before relaxing)
 .rodata.__func__$3308
                0x3ffea346       0x1d user/.output/eagle/debug/lib/libuser.a(WDJson_Drv.o)
 .rodata.__func__$3319
                0x3ffea363       0x1a user/.output/eagle/debug/lib/libuser.a(WDJson_Drv.o)
 .rodata.__func__$3291
                0x3ffea37d       0x17 user/.output/eagle/debug/lib/libuser.a(WDJson_Drv.o)
 .rodata.__func__$3234
                0x3ffea394       0x15 user/.output/eagle/debug/lib/libuser.a(WDJson_Drv.o)
 .rodata.__func__$3225
                0x3ffea3a9       0x1a user/.output/eagle/debug/lib/libuser.a(WDJson_Drv.o)
 .rodata.__func__$3243
                0x3ffea3c3       0x16 user/.output/eagle/debug/lib/libuser.a(WDJson_Drv.o)
 .rodata.__func__$3252
                0x3ffea3d9       0x11 user/.output/eagle/debug/lib/libuser.a(WDJson_Drv.o)
 .rodata.__func__$3275
                0x3ffea3ea       0x19 user/.output/eagle/debug/lib/libuser.a(WDJson_Drv.o)
 .rodata.str1.1
                0x3ffea403       0xb2 user/.output/eagle/debug/lib/libuser.a(Serial_Drv.o)
                                 0xb5 (size before relaxing)
 *fill*         0x3ffea4b5        0x3 
 .rodata.str1.4
                0x3ffea4b8       0x66 ../lib/libat.a(at_baseCmd.o)
 *fill*         0x3ffea51e        0x2 
 .rodata.str1.4
                0x3ffea520      0x337 ../lib/libat.a(at_cmd.o)
                                0x33b (size before relaxing)
 *fill*         0x3ffea857        0x1 
 .rodata.str1.4
                0x3ffea858      0x7ed ../lib/libat.a(at_ipCmd.o)
                                0x80d (size before relaxing)
 *fill*         0x3ffeb045        0x3 
 .rodata.str1.4
                0x3ffeb048       0x66 ../lib/libat.a(at_port.o)
                                 0x7a (size before relaxing)
 *fill*         0x3ffeb0ae        0x2 
 .rodata.str1.4
                0x3ffeb0b0      0x400 ../lib/libat.a(at_wifiCmd.o)
                                0x430 (size before relaxing)
 .rodata.str1.4
                0x3ffeb4b0       0x55 ../lib/libat.a(uart.o)
                                 0x59 (size before relaxing)
 *fill*         0x3ffeb505        0x3 
 .rodata.str1.4
                0x3ffeb508        0xd ../lib/libat.a(at_init_para.o)
 *fill*         0x3ffeb515        0x3 
 .rodata.str1.4
                0x3ffeb518        0x4 ../lib/libpp.a(lmac.o)
                                  0xc (size before relaxing)
 .rodata.str1.4
                0x3ffeb51c        0x3 ../lib/libpp.a(pm.o)
                                  0xb (size before relaxing)
 *fill*         0x3ffeb51f        0x1 
 .rodata.str1.4
                0x3ffeb520        0x4 ../lib/libpp.a(pm_for_bcn_only_mode.o)
                                  0xc (size before relaxing)
 .rodata.str1.4
                0x3ffeb524        0x8 ../lib/libpp.a(pp.o)
                                 0x10 (size before relaxing)
 .rodata.str1.4
                0x3ffeb52c        0x4 ../lib/libpp.a(wdev.o)
                                  0xc (size before relaxing)
 .rodata.str1.4
                0x3ffeb530        0x3 ../lib/libnet80211.a(ieee80211_hostap.o)
                                  0x8 (size before relaxing)
 *fill*         0x3ffeb533        0x1 
 .rodata.str1.4
                0x3ffeb534        0x7 ../lib/libnet80211.a(ieee80211_mesh_quick.o)
 .rodata.str1.4
                0x00000000        0x4 ../lib/libnet80211.a(ieee80211_sta.o)
 .rodata.str1.4
                0x00000000        0x4 ../lib/libnet80211.a(ieee80211_action_vendor.o)
 .rodata.str1.4
                0x00000000        0x4 ../lib/libnet80211.a(ieee80211_ie_vendor.o)
 .rodata.str1.4
                0x00000000        0x7 ../lib/liblwip.a(espconn_tcp.o)
                                  0x1 (size before relaxing)
 *fill*         0x3ffeb53b        0x1 
 .rodata.str1.4
                0x3ffeb53c       0x88 ../lib/liblwip.a(mdns.o)
 .rodata.str1.4
                0x3ffeb5c4        0x5 ../lib/libwpa.a(wpa_debug.o)
                                  0xd (size before relaxing)
 *fill*         0x3ffeb5c9        0x3 
 .rodata.str1.4
                0x3ffeb5cc       0x18 ../lib/libssl.a(espconn_ssl.o)
 .rodata.str1.4
                0x3ffeb5e4      0x150 ../lib/libssl.a(ssl_loader.o)
                                0x151 (size before relaxing)
 .rodata.str1.4
                0x3ffeb734      0x13a ../lib/libssl.a(ssl_tls1.o)
 *fill*         0x3ffeb86e        0x2 
 .rodata.str1.4
                0x3ffeb870       0xf4 ../lib/libssl.a(ssl_x509.o)
 .rodata.str1.4
                0x3ffeb964       0x1e ../lib/libssl.a(ssl_crypto_misc.o)
 *fill*         0x3ffeb982        0x2 
 .rodata.str1.4
                0x3ffeb984       0x20 ../lib/libssl.a(ssl_rsa.o)
 .rodata.str1.4
                0x3ffeb9a4      0x156 ../lib/libwps.a(wps.o)
                                0x176 (size before relaxing)
 *fill*         0x3ffebafa        0x2 
 .rodata.str1.4
                0x3ffebafc       0xcd ../lib/libwps.a(wps_common.o)
                                 0xe1 (size before relaxing)
 *fill*         0x3ffebbc9        0x3 
 .rodata.str1.4
                0x3ffebbcc       0x7d ../lib/libwps.a(wps_registrar.o)
                                 0x95 (size before relaxing)
 *fill*         0x3ffebc49        0x3 
 .rodata.str1.4
                0x3ffebc4c       0x45 ../lib/libwps.a(uuid.o)
 *fill*         0x3ffebc91        0x3 
 .rodata.str1.4
                0x3ffebc94        0xd ../lib/libsmartconfig.a(sc_sniffer.o)
 *fill*         0x3ffebca1        0x3 
 .rodata.str1.4
                0x3ffebca4        0xd ../lib/libsmartconfig.a(sc_airkiss.o)
 *fill*         0x3ffebcb1        0x3 
 .rodata.str1.4
                0x3ffebcb4        0xe ../lib/libsmartconfig.a(sc_esptouch.o)
 *fill*         0x3ffebcc2        0x2 
 .rodata.str1.4
                0x3ffebcc4       0x18 ../lib/libwilddog.a(wilddog_api.o)
 .rodata.__func__$2514
                0x3ffebcdc       0x23 ../lib/libwilddog.a(wilddog_api.o)
 *fill*         0x3ffebcff        0x1 
 .rodata.__func__$2506
                0x3ffebd00       0x20 ../lib/libwilddog.a(wilddog_api.o)
 .rodata.__func__$2498
                0x3ffebd20       0x19 ../lib/libwilddog.a(wilddog_api.o)
 *fill*         0x3ffebd39        0x3 
 .rodata.__func__$2489
                0x3ffebd3c       0x1d ../lib/libwilddog.a(wilddog_api.o)
 *fill*         0x3ffebd59        0x3 
 .rodata.__func__$2480
                0x3ffebd5c       0x10 ../lib/libwilddog.a(wilddog_api.o)
 .rodata.__func__$2475
                0x3ffebd6c       0x10 ../lib/libwilddog.a(wilddog_api.o)
 .rodata.__func__$2470
                0x3ffebd7c        0xf ../lib/libwilddog.a(wilddog_api.o)
 *fill*         0x3ffebd8b        0x1 
 .rodata.__func__$2465
                0x3ffebd8c       0x11 ../lib/libwilddog.a(wilddog_api.o)
 *fill*         0x3ffebd9d        0x3 
 .rodata.__func__$2458
                0x3ffebda0       0x10 ../lib/libwilddog.a(wilddog_api.o)
 .rodata.__func__$2452
                0x3ffebdb0       0x12 ../lib/libwilddog.a(wilddog_api.o)
 *fill*         0x3ffebdc2        0x2 
 .rodata.__func__$2446
                0x3ffebdc4       0x17 ../lib/libwilddog.a(wilddog_api.o)
 *fill*         0x3ffebddb        0x1 
 .rodata.__func__$2439
                0x3ffebddc       0x14 ../lib/libwilddog.a(wilddog_api.o)
 .rodata.__func__$2430
                0x3ffebdf0       0x14 ../lib/libwilddog.a(wilddog_api.o)
 .rodata.__func__$2422
                0x3ffebe04        0xd ../lib/libwilddog.a(wilddog_api.o)
 *fill*         0x3ffebe11        0x3 
 .rodata.__func__$2413
                0x3ffebe14       0x11 ../lib/libwilddog.a(wilddog_api.o)
 *fill*         0x3ffebe25        0x3 
 .rodata.__func__$2404
                0x3ffebe28       0x11 ../lib/libwilddog.a(wilddog_api.o)
 *fill*         0x3ffebe39        0x3 
 .rodata.__func__$2396
                0x3ffebe3c        0xf ../lib/libwilddog.a(wilddog_api.o)
 *fill*         0x3ffebe4b        0x1 
 .rodata.__func__$2387
                0x3ffebe4c        0xd ../lib/libwilddog.a(wilddog_api.o)
 *fill*         0x3ffebe59        0x3 
 .rodata.__func__$2377
                0x3ffebe5c       0x10 ../lib/libwilddog.a(wilddog_api.o)
 .rodata.__func__$2372
                0x3ffebe6c       0x14 ../lib/libwilddog.a(wilddog_api.o)
 .rodata.str1.4
                0x00000000        0x1 ../lib/libwilddog.a(wilddog_common.o)
 .rodata.str1.4
                0x3ffebe80      0x11f ../lib/libwilddog.a(wilddog_ct.o)
                                0x137 (size before relaxing)
 *fill*         0x3ffebf9f        0x1 
 .rodata.__func__$2768
                0x3ffebfa0       0x17 ../lib/libwilddog.a(wilddog_ct.o)
 *fill*         0x3ffebfb7        0x1 
 .rodata.__func__$2704
                0x3ffebfb8       0x16 ../lib/libwilddog.a(wilddog_ct.o)
 *fill*         0x3ffebfce        0x2 
 .rodata.__func__$2717
                0x3ffebfd0       0x17 ../lib/libwilddog.a(wilddog_ct.o)
 *fill*         0x3ffebfe7        0x1 
 .rodata.__func__$2732
                0x3ffebfe8       0x14 ../lib/libwilddog.a(wilddog_ct.o)
 .rodata.__func__$2752
                0x3ffebffc       0x13 ../lib/libwilddog.a(wilddog_ct.o)
 *fill*         0x3ffec00f        0x1 
 .rodata.__func__$2806
                0x3ffec010       0x1a ../lib/libwilddog.a(wilddog_ct.o)
 *fill*         0x3ffec02a        0x2 
 .rodata.__func__$2886
                0x3ffec02c       0x17 ../lib/libwilddog.a(wilddog_ct.o)
 *fill*         0x3ffec043        0x1 
 .rodata.__func__$2893
                0x3ffec044       0x14 ../lib/libwilddog.a(wilddog_ct.o)
 .rodata.__func__$2901
                0x3ffec058       0x14 ../lib/libwilddog.a(wilddog_ct.o)
 .rodata.str1.4
                0x3ffec06c       0x40 ../lib/libwilddog.a(wilddog_espressif.o)
 .rodata.str1.4
                0x3ffec0ac       0xa9 ../lib/libwilddog.a(wilddog_node.o)
                                 0xc1 (size before relaxing)
 *fill*         0x3ffec155        0x3 
 .rodata.__func__$2429
                0x3ffec158       0x13 ../lib/libwilddog.a(wilddog_node.o)
 *fill*         0x3ffec16b        0x1 
 .rodata.__func__$2411
                0x3ffec16c       0x1c ../lib/libwilddog.a(wilddog_node.o)
 .rodata.__func__$2383
                0x3ffec188       0x18 ../lib/libwilddog.a(wilddog_node.o)
 .rodata.__func__$2373
                0x3ffec1a0       0x13 ../lib/libwilddog.a(wilddog_node.o)
 *fill*         0x3ffec1b3        0x1 
 .rodata.__func__$2361
                0x3ffec1b4       0x16 ../lib/libwilddog.a(wilddog_node.o)
 *fill*         0x3ffec1ca        0x2 
 .rodata.__func__$2347
                0x3ffec1cc       0x15 ../lib/libwilddog.a(wilddog_node.o)
 *fill*         0x3ffec1e1        0x3 
 .rodata.__func__$2253
                0x3ffec1e4       0x12 ../lib/libwilddog.a(wilddog_node.o)
 .rodata.str1.4
                0x00000000       0x18 ../lib/libwilddog.a(wilddog_store.o)
 *fill*         0x3ffec1f6        0x2 
 .rodata.__func__$2676
                0x3ffec1f8       0x16 ../lib/libwilddog.a(wilddog_store.o)
 *fill*         0x3ffec20e        0x2 
 .rodata.__func__$2658
                0x3ffec210       0x14 ../lib/libwilddog.a(wilddog_store.o)
 .rodata.str1.4
                0x3ffec224       0x96 ../lib/libwilddog.a(wilddog_url_parser.o)
                                 0xae (size before relaxing)
 *fill*         0x3ffec2ba        0x2 
 .rodata.__func__$2457
                0x3ffec2bc       0x19 ../lib/libwilddog.a(wilddog_url_parser.o)
 *fill*         0x3ffec2d5        0x3 
 .rodata.__func__$2468
                0x3ffec2d8       0x15 ../lib/libwilddog.a(wilddog_url_parser.o)
 *fill*         0x3ffec2ed        0x3 
 .rodata.__func__$2397
                0x3ffec2f0       0x16 ../lib/libwilddog.a(wilddog_url_parser.o)
 *fill*         0x3ffec306        0x2 
 .rodata.__func__$2384
                0x3ffec308       0x16 ../lib/libwilddog.a(wilddog_url_parser.o)
 *fill*         0x3ffec31e        0x2 
 .rodata.str1.4
                0x3ffec320       0x21 ../lib/libwilddog.a(wilddog_conn.o)
                                 0x39 (size before relaxing)
 *fill*         0x3ffec341        0x3 
 .rodata.__func__$2706
                0x3ffec344       0x12 ../lib/libwilddog.a(wilddog_conn.o)
 *fill*         0x3ffec356        0x2 
 .rodata.__func__$2720
                0x3ffec358       0x12 ../lib/libwilddog.a(wilddog_conn.o)
 *fill*         0x3ffec36a        0x2 
 .rodata.__func__$2735
                0x3ffec36c       0x13 ../lib/libwilddog.a(wilddog_conn.o)
 *fill*         0x3ffec37f        0x1 
 .rodata.__func__$2749
                0x3ffec380       0x15 ../lib/libwilddog.a(wilddog_conn.o)
 *fill*         0x3ffec395        0x3 
 .rodata.__func__$2765
                0x3ffec398       0x11 ../lib/libwilddog.a(wilddog_conn.o)
 *fill*         0x3ffec3a9        0x3 
 .rodata.__func__$2780
                0x3ffec3ac       0x12 ../lib/libwilddog.a(wilddog_conn.o)
 *fill*         0x3ffec3be        0x2 
 .rodata.__func__$2795
                0x3ffec3c0       0x13 ../lib/libwilddog.a(wilddog_conn.o)
 *fill*         0x3ffec3d3        0x1 
 .rodata.__func__$2809
                0x3ffec3d4       0x17 ../lib/libwilddog.a(wilddog_conn.o)
 *fill*         0x3ffec3eb        0x1 
 .rodata.__func__$2680
                0x3ffec3ec       0x1d ../lib/libwilddog.a(wilddog_conn.o)
 *fill*         0x3ffec409        0x3 
 .rodata.__func__$2825
                0x3ffec40c       0x18 ../lib/libwilddog.a(wilddog_conn.o)
 .rodata.__func__$2839
                0x3ffec424       0x1a ../lib/libwilddog.a(wilddog_conn.o)
 *fill*         0x3ffec43e        0x2 
 .rodata.__func__$2853
                0x3ffec440       0x18 ../lib/libwilddog.a(wilddog_conn.o)
 .rodata.__func__$2867
                0x3ffec458       0x16 ../lib/libwilddog.a(wilddog_conn.o)
 *fill*         0x3ffec46e        0x2 
 .rodata.__func__$2876
                0x3ffec470       0x15 ../lib/libwilddog.a(wilddog_conn.o)
 *fill*         0x3ffec485        0x3 
 .rodata.str1.4
                0x3ffec488       0x53 ../lib/libwilddog.a(wilddog_conn_coap.o)
                                 0x6b (size before relaxing)
 *fill*         0x3ffec4db        0x1 
 .rodata.__func__$2875
                0x3ffec4dc       0x1d ../lib/libwilddog.a(wilddog_conn_coap.o)
 *fill*         0x3ffec4f9        0x3 
 .rodata.__func__$3005
                0x3ffec4fc       0x16 ../lib/libwilddog.a(wilddog_conn_coap.o)
 *fill*         0x3ffec512        0x2 
 .rodata.__func__$3019
                0x3ffec514       0x16 ../lib/libwilddog.a(wilddog_conn_coap.o)
 *fill*         0x3ffec52a        0x2 
 .rodata.str1.4
                0x3ffec52c       0x16 ../lib/libwilddog.a(wilddog_conn_manage.o)
                                 0x42 (size before relaxing)
 *fill*         0x3ffec542        0x2 
 .rodata.__func__$3149
                0x3ffec544       0x18 ../lib/libwilddog.a(wilddog_conn_manage.o)
 .rodata.__func__$3156
                0x3ffec55c       0x17 ../lib/libwilddog.a(wilddog_conn_manage.o)
 *fill*         0x3ffec573        0x1 
 .rodata.__func__$3050
                0x3ffec574       0x19 ../lib/libwilddog.a(wilddog_conn_manage.o)
 *fill*         0x3ffec58d        0x3 
 .rodata.__func__$2897
                0x3ffec590       0x1a ../lib/libwilddog.a(wilddog_conn_manage.o)
 *fill*         0x3ffec5aa        0x2 
 .rodata.__func__$2930
                0x3ffec5ac       0x15 ../lib/libwilddog.a(wilddog_conn_manage.o)
 *fill*         0x3ffec5c1        0x3 
 .rodata.__func__$2892
                0x3ffec5c4       0x11 ../lib/libwilddog.a(wilddog_conn_manage.o)
 *fill*         0x3ffec5d5        0x3 
 .rodata.__func__$3074
                0x3ffec5d8       0x1b ../lib/libwilddog.a(wilddog_conn_manage.o)
 *fill*         0x3ffec5f3        0x1 
 .rodata.__func__$3178
                0x3ffec5f4       0x17 ../lib/libwilddog.a(wilddog_conn_manage.o)
 *fill*         0x3ffec60b        0x1 
 .rodata.__func__$2957
                0x3ffec60c       0x18 ../lib/libwilddog.a(wilddog_conn_manage.o)
 .rodata.__func__$3034
                0x3ffec624       0x19 ../lib/libwilddog.a(wilddog_conn_manage.o)
 *fill*         0x3ffec63d        0x3 
 .rodata.__func__$3005
                0x3ffec640       0x21 ../lib/libwilddog.a(wilddog_conn_manage.o)
 *fill*         0x3ffec661        0x3 
 .rodata.str1.4
                0x3ffec664      0x20b ../lib/libwilddog.a(wilddog_event.o)
                                0x227 (size before relaxing)
 *fill*         0x3ffec86f        0x1 
 .rodata.__func__$2799
                0x3ffec870       0x14 ../lib/libwilddog.a(wilddog_event.o)
 .rodata.__func__$2754
                0x3ffec884       0x18 ../lib/libwilddog.a(wilddog_event.o)
 .rodata.__func__$2777
                0x3ffec89c       0x1a ../lib/libwilddog.a(wilddog_event.o)
 *fill*         0x3ffec8b6        0x2 
 .rodata.__func__$2653
                0x3ffec8b8       0x18 ../lib/libwilddog.a(wilddog_event.o)
 .rodata.__func__$2723
                0x3ffec8d0       0x17 ../lib/libwilddog.a(wilddog_event.o)
 *fill*         0x3ffec8e7        0x1 
 .rodata.__func__$2674
                0x3ffec8e8       0x1b ../lib/libwilddog.a(wilddog_event.o)
 *fill*         0x3ffec903        0x1 
 .rodata.__func__$2703
                0x3ffec904       0x17 ../lib/libwilddog.a(wilddog_event.o)
 *fill*         0x3ffec91b        0x1 
 .rodata.__func__$2687
                0x3ffec91c       0x1c ../lib/libwilddog.a(wilddog_event.o)
 .rodata.str1.4
                0x00000000       0x1c ../lib/libwilddog.a(wilddog_sec_host.o)
 .rodata.str1.4
                0x3ffec938      0x25a ../lib/libwilddog.a(option.o)
                                0x272 (size before relaxing)
 *fill*         0x3ffecb92        0x2 
 .rodata.__func__$2194
                0x3ffecb94       0x10 ../lib/libwilddog.a(option.o)
 .rodata.__func__$2180
                0x3ffecba4       0x13 ../lib/libwilddog.a(option.o)
 *fill*         0x3ffecbb7        0x1 
 .rodata.__func__$2157
                0x3ffecbb8        0xf ../lib/libwilddog.a(option.o)
 *fill*         0x3ffecbc7        0x1 
 .rodata.__func__$2141
                0x3ffecbc8       0x10 ../lib/libwilddog.a(option.o)
 .rodata.__func__$2114
                0x3ffecbd8       0x11 ../lib/libwilddog.a(option.o)
 *fill*         0x3ffecbe9        0x3 
 .rodata.__func__$2094
                0x3ffecbec       0x1a ../lib/libwilddog.a(option.o)
 *fill*         0x3ffecc06        0x2 
 .rodata.__func__$2067
                0x3ffecc08        0xf ../lib/libwilddog.a(option.o)
 *fill*         0x3ffecc17        0x1 
 .rodata.str1.4
                0x3ffecc18      0x1ae ../lib/libwilddog.a(pdu.o)
                                0x1ce (size before relaxing)
 *fill*         0x3ffecdc6        0x2 
 .rodata.__func__$2587
                0x3ffecdc8        0xe ../lib/libwilddog.a(pdu.o)
 *fill*         0x3ffecdd6        0x2 
 .rodata.__func__$2571
                0x3ffecdd8        0xf ../lib/libwilddog.a(pdu.o)
 *fill*         0x3ffecde7        0x1 
 .rodata.__func__$2532
                0x3ffecde8       0x11 ../lib/libwilddog.a(pdu.o)
 *fill*         0x3ffecdf9        0x3 
 .rodata.__func__$2543
                0x3ffecdfc        0xf ../lib/libwilddog.a(pdu.o)
 *fill*         0x3ffece0b        0x1 
 .rodata.__func__$2522
                0x3ffece0c        0xe ../lib/libwilddog.a(pdu.o)
 *fill*         0x3ffece1a        0x2 
 .rodata.__func__$2511
                0x3ffece1c        0xe ../lib/libwilddog.a(pdu.o)
 *fill*         0x3ffece2a        0x2 
 .rodata.__func__$2502
                0x3ffece2c       0x16 ../lib/libwilddog.a(pdu.o)
 *fill*         0x3ffece42        0x2 
 .rodata.__func__$2491
                0x3ffece44       0x10 ../lib/libwilddog.a(pdu.o)
 .rodata.__func__$2467
                0x3ffece54        0xe ../lib/libwilddog.a(pdu.o)
 *fill*         0x3ffece62        0x2 
 .rodata.__func__$2457
                0x3ffece64        0xf ../lib/libwilddog.a(pdu.o)
 *fill*         0x3ffece73        0x1 
 .rodata.str1.4
                0x3ffece74      0x316 ../lib/libwilddog.a(wilddog_cbor.o)
                                0x332 (size before relaxing)
 *fill*         0x3ffed18a        0x2 
 .rodata.__func__$2513
                0x3ffed18c       0x17 ../lib/libwilddog.a(wilddog_cbor.o)
 *fill*         0x3ffed1a3        0x1 
 .rodata.__func__$2501
                0x3ffed1a4       0x1a ../lib/libwilddog.a(wilddog_cbor.o)
 *fill*         0x3ffed1be        0x2 
 .rodata.__func__$2486
                0x3ffed1c0       0x19 ../lib/libwilddog.a(wilddog_cbor.o)
 *fill*         0x3ffed1d9        0x3 
 .rodata.__func__$2478
                0x3ffed1dc       0x1b ../lib/libwilddog.a(wilddog_cbor.o)
 *fill*         0x3ffed1f7        0x1 
 .rodata.__func__$2468
                0x3ffed1f8       0x1a ../lib/libwilddog.a(wilddog_cbor.o)
 *fill*         0x3ffed212        0x2 
 .rodata.__func__$2457
                0x3ffed214       0x18 ../lib/libwilddog.a(wilddog_cbor.o)
 .rodata.__func__$2530
                0x3ffed22c       0x13 ../lib/libwilddog.a(wilddog_cbor.o)
 *fill*         0x3ffed23f        0x1 
 .rodata.__func__$2322
                0x3ffed240       0x16 ../lib/libwilddog.a(wilddog_cbor.o)
 *fill*         0x3ffed256        0x2 
 .rodata.__func__$2342
                0x3ffed258       0x16 ../lib/libwilddog.a(wilddog_cbor.o)
 *fill*         0x3ffed26e        0x2 
 .rodata.__func__$2444
                0x3ffed270       0x1d ../lib/libwilddog.a(wilddog_cbor.o)
 *fill*         0x3ffed28d        0x3 
 .rodata.__func__$2303
                0x3ffed290       0x18 ../lib/libwilddog.a(wilddog_cbor.o)
 .rodata.__func__$2388
                0x3ffed2a8       0x16 ../lib/libwilddog.a(wilddog_cbor.o)
 *fill*         0x3ffed2be        0x2 
 .rodata.__func__$2431
                0x3ffed2c0       0x13 ../lib/libwilddog.a(wilddog_cbor.o)
 *fill*         0x3ffed2d3        0x1 
 .rodata._wilddog_c2n_func_table
                0x3ffed2d4       0x20 ../lib/libwilddog.a(wilddog_cbor.o)
 .rodata.str1.1
                0x3ffed2f4       0x5c ../lib/libairkiss.a(airlink.o)
                                 0x60 (size before relaxing)
 .rodata.str1.4
                0x00000000      0x316 /opt/xtensa-lx106-elf/bin/../lib/gcc/xtensa-lx106-elf/4.8.2/libc.a(impure.o)
                                  0x2 (size before relaxing)
 .rodata.str1.4
                0x3ffed350       0x10 ../lib/libwpa.a(wpabuf.o)
 *(.gnu.linkonce.r.*)
 *(.rodata1)
                0x3ffed360                __XT_EXCEPTION_TABLE__ = ABSOLUTE (.)
 *(.xt_except_table)
 *(.gcc_except_table)
 *(.gnu.linkonce.e.*)
 *(.gnu.version_r)
 *(.eh_frame)
 *crtbegin.o(.ctors)
 *(EXCLUDE_FILE(*crtend.o) .ctors)
 *(SORT(.ctors.*))
 *(.ctors)
 *crtbegin.o(.dtors)
 *(EXCLUDE_FILE(*crtend.o) .dtors)
 *(SORT(.dtors.*))
 *(.dtors)
                0x3ffed360                __XT_EXCEPTION_DESCS__ = ABSOLUTE (.)
 *(.xt_except_desc)
 *(.gnu.linkonce.h.*)
                0x3ffed360                __XT_EXCEPTION_DESCS_END__ = ABSOLUTE (.)
 *(.xt_except_desc_end)
 *(.dynamic)
 *(.gnu.version_d)
                0x3ffed360                . = ALIGN (0x4)
                0x3ffed360                _bss_table_start = ABSOLUTE (.)
                0x3ffed360        0x4 LONG 0x3ffed368 _bss_start
                0x3ffed364        0x4 LONG 0x3fff54d0 _bss_end
                0x3ffed368                _bss_table_end = ABSOLUTE (.)
                0x3ffed368                _rodata_end = ABSOLUTE (.)

.bss            0x3ffed368     0x8168
                0x3ffed368                . = ALIGN (0x8)
                0x3ffed368                _bss_start = ABSOLUTE (.)
 *(.dynsbss)
 *(.sbss)
 *(.sbss.*)
 *(.gnu.linkonce.sb.*)
 *(.scommon)
 *(.sbss2)
 *(.sbss2.*)
 *(.gnu.linkonce.sb2.*)
 *(.dynbss)
 *(.bss)
 .bss           0x3ffed368        0x0 ../lib/libmain.a(debug-vector.o)
 .bss           0x3ffed368        0x0 ../lib/libmain.a(double-vector.o)
 .bss           0x3ffed368        0x0 ../lib/libmain.a(kernel-vector.o)
 *fill*         0x3ffed368        0x8 
 .bss           0x3ffed370      0x1c0 ../lib/libmain.a(nmi-vector.o)
 .bss           0x3ffed530        0x0 ../lib/libmain.a(user-vector.o)
 .bss           0x3ffed530        0x0 ../lib/libmain.a(vector.o)
 .bss           0x3ffed530       0x41 ../lib/libmain.a(app_main.o)
                0x3ffed534                info
                0x3ffed558                lwip_timer_interval
                0x3ffed55c                check_timeouts_timer
                0x3ffed570                user_init_flag
 *fill*         0x3ffed571        0xf 
 .bss           0x3ffed580       0x30 ../lib/libmain.a(ets_timer.o)
                0x3ffed580                dbg_timer_flag
                0x3ffed584                timer_list
                0x3ffed588                debug_timer
                0x3ffed58c                debug_timerfn
 .bss           0x3ffed5b0       0x3c ../lib/libmain.a(mem_manager.o)
 .bss           0x3ffed5ec        0x4 ../lib/libmain.a(spi_flash.o)
                0x3ffed5ec                flash_read
 .bss           0x3ffed5f0      0x242 ../lib/libmain.a(user_interface.o)
                0x3ffed6e7                deep_sleep_flag
                0x3ffed6e8                cpu_overclock
                0x3ffed6ec                event_cb
                0x3ffed6f0                status_led_output_level
                0x3ffed6f4                done_cb
                0x3ffed6f8                rst_if
                0x3ffed714                default_interface
                0x3ffed715                OpmodChgIsOnGoing
                0x3ffed718                promiscuous_cb
                0x3ffed730                event_TaskQueue
 .bss           0x3ffed832        0x0 ../lib/libmain.a(eagle_lib.o)
 *fill*         0x3ffed832        0x2 
 .bss           0x3ffed834        0xc ../lib/libmain.a(eagle_lwip_if.o)
                0x3ffed834                hostname
 .bss           0x3ffed840        0x0 user/.output/eagle/debug/lib/libuser.a(user_main.o)
 .bss           0x3ffed840        0x0 user/.output/eagle/debug/lib/libuser.a(AtCmd_Drv.o)
 .bss           0x3ffed840        0x0 user/.output/eagle/debug/lib/libuser.a(AirKiss_Drv.o)
 .bss           0x3ffed840        0x0 user/.output/eagle/debug/lib/libuser.a(user_tcpclient.o)
 .bss           0x3ffed840        0x0 user/.output/eagle/debug/lib/libuser.a(WildDog_Drv.o)
 .bss           0x3ffed840        0x0 user/.output/eagle/debug/lib/libuser.a(GlobalFunc.o)
 .bss           0x3ffed840        0x0 user/.output/eagle/debug/lib/libuser.a(GizCmdTest.o)
 .bss           0x3ffed840        0x0 user/.output/eagle/debug/lib/libuser.a(WDJson_Drv.o)
 .bss           0x3ffed840        0x0 user/.output/eagle/debug/lib/libuser.a(Serial_Drv.o)
 .bss           0x3ffed840        0x0 user/.output/eagle/debug/lib/libuser.a(SensorInterface.o)
 .bss           0x3ffed840        0x0 user/.output/eagle/debug/lib/libuser.a(WifiInterface.o)
 .bss           0x3ffed840        0x4 ../lib/libat.a(at_baseCmd.o)
                0x3ffed840                custom_info
 .bss           0x3ffed844        0x0 ../lib/libat.a(at_cmd.o)
 .bss           0x3ffed844       0x53 ../lib/libat.a(at_ipCmd.o)
                0x3ffed844                at_customLinkMax
                0x3ffed848                pLink
                0x3ffed84d                IPMODE
                0x3ffed84f                wait_for_buffer
                0x3ffed850                at_tranLen
                0x3ffed854                at_delayCheck
                0x3ffed868                sendingID
                0x3ffed86b                at_ssl_cnt
                0x3ffed86c                at_sendLen
                0x3ffed87c                send_mode
                0x3ffed880                at_transmit_check_ip_timer
                0x3ffed894                at_transmit_timer_on
                0x3ffed895                need_save_flag
                0x3ffed896                at_ssl_flag
 .bss           0x3ffed897        0x0 ../lib/libat.a(at_nv_data.o)
 *fill*         0x3ffed897        0x9 
 .bss           0x3ffed8a0      0xebe ../lib/libat.a(at_port.o)
                0x3ffed8a0                at_custom_func
                0x3ffed8b0                at_dataLine2
                0x3ffed8b4                at_dataLine2_len
                0x3ffed8b8                at_state
                0x3ffed8bc                last_byte_time
                0x3ffed8c0                pDataLine
                0x3ffed8c4                custom_at_cmd_ptr
                0x3ffed8c8                custom_at_cmd_num
                0x3ffed9e0                at_dataLine
                0x3ffee550                at_recvTaskQueue
                0x3ffee750                at_procTaskQueue
 *fill*         0x3ffee75e        0x2 
 .bss           0x3ffee760       0x45 ../lib/libat.a(at_wifiCmd.o)
                0x3ffee760                read_from_flash_flag
                0x3ffee761                at_wifiMode
                0x3ffee764                ap_sort_flag
                0x3ffee768                at_japDelayChack
                0x3ffee77c                smart_scanning
 *fill*         0x3ffee7a5        0x3 
 .bss           0x3ffee7a8       0x18 ../lib/libat.a(uart.o)
                0x3ffee7ac                fake_uart_flag
                0x3ffee7b4                uart_rx_soft_buf_state
 .bss           0x3ffee7c0        0x0 ../lib/libat.a(at_init_para.o)
 .bss           0x3ffee7c0        0x0 /opt/xtensa-lx106-elf/bin/../lib/gcc/xtensa-lx106-elf/4.8.2/libc.a(islower.o)
 .bss           0x3ffee7c0        0x0 /opt/xtensa-lx106-elf/bin/../lib/gcc/xtensa-lx106-elf/4.8.2/libc.a(memcmp.o)
 .bss           0x3ffee7c0        0x0 /opt/xtensa-lx106-elf/bin/../lib/gcc/xtensa-lx106-elf/4.8.2/libc.a(memcpy.o)
 .bss           0x3ffee7c0        0x0 /opt/xtensa-lx106-elf/bin/../lib/gcc/xtensa-lx106-elf/4.8.2/libc.a(memset.o)
 .bss           0x3ffee7c0        0x0 /opt/xtensa-lx106-elf/bin/../lib/gcc/xtensa-lx106-elf/4.8.2/libc.a(ctype_.o)
 .bss           0x3ffee7c0        0x0 ../lib/libgcc.a(_modsi3.o)
 .bss           0x3ffee7c0        0x0 /opt/xtensa-lx106-elf/bin/../lib/gcc/xtensa-lx106-elf/4.8.2/libhal.a(int_asm--set_intclear.o)
 .bss           0x3ffee7c0        0x4 ../lib/libphy.a(phy.o)
 .bss           0x3ffee7c4        0x2 ../lib/libphy.a(phy_chip_v6_ana.o)
                0x3ffee7c4                tout_dis_txpwr_track
                0x3ffee7c5                sleep_mode_flag
 *fill*         0x3ffee7c6        0x2 
 .bss           0x3ffee7c8      0x15b ../lib/libphy.a(phy_chip_v6.o)
                0x3ffee7c8                g_phyFuns
                0x3ffee7cc                rxiq_compute_num
                0x3ffee7d0                rx_table_renew_en
                0x3ffee7d4                check_result
                0x3ffee7d8                chip6_sleep_params
                0x3ffee86c                chip6_phy_init_ctrl
                0x3ffee8e0                phy_freq_offset
                0x3ffee8e2                do_pwctrl_flag
                0x3ffee8e3                txbk_dpdby_flag
                0x3ffee8e5                sw_scan_mode
                0x3ffee8e6                rxmax_ext_level
                0x3ffee8e8                phy_rx_gain_dc_table
                0x3ffee8fc                periodic_cal_dc_num
                0x3ffee900                periodic_cal_flag
                0x3ffee901                bbpll_cal_flag
                0x3ffee902                phy_in_most_power
                0x3ffee903                init_rf_no_cal
                0x3ffee904                test_print_time
                0x3ffee908                phy_rx_gain_dc_flag
                0x3ffee909                phy_in_vdd33_offset
                0x3ffee90a                phy_set_most_tpw_disbg
                0x3ffee90b                phy_set_most_tpw_index
                0x3ffee90c                adc_rand_noise
                0x3ffee910                dpd_bypass_original
                0x3ffee912                phy_txpwr_diff_flash
                0x3ffee918                noise_array
 *fill*         0x3ffee923        0x1 
 .bss           0x3ffee924        0x9 ../lib/libphy.a(phy_chip_v6_cal.o)
                0x3ffee924                phy_tx_power_out
                0x3ffee926                phy_tx_pwr_error
                0x3ffee928                tx_pwctrl_track_num
                0x3ffee929                rxiq_cover_fail_num
                0x3ffee92a                phy_meas_freq_offset
                0x3ffee92c                tx_pwctrl_pk_num
 .bss           0x3ffee92d        0x0 ../lib/libphy.a(phy_chip_v6_unused.o)
 *fill*         0x3ffee92d        0x3 
 .bss           0x3ffee930        0x7 ../lib/libphy.a(phy_sleep.o)
                0x3ffee930                periodic_cal_sat
                0x3ffee932                lslp_mem_opt_8266
                0x3ffee934                software_slp_reject
                0x3ffee935                SDIO_slp_reject
                0x3ffee936                hardware_reject
 *fill*         0x3ffee937        0x9 
 .bss           0x3ffee940       0x40 ../lib/libpp.a(if_hwctrl.o)
                0x3ffee940                interface_mask
                0x3ffee960                if_ctrl
 .bss           0x3ffee980      0x150 ../lib/libpp.a(lmac.o)
                0x3ffee984                lmacConfMib
                0x3ffee9a8                our_tx_eb
 .bss           0x3ffeead0      0x11a ../lib/libpp.a(pm.o)
                0x3ffeead0                pmc
                0x3ffeebb0                flash_tmp
 *fill*         0x3ffeebea        0x2 
 .bss           0x3ffeebec       0x34 ../lib/libpp.a(pm_for_bcn_only_mode.o)
 .bss           0x3ffeec20      0x322 ../lib/libpp.a(pp.o)
                0x3ffeec38                pend_flag_noise_check
                0x3ffeec40                pend_flag_periodic_cal
                0x3ffeec58                idle_timer_reopen_flag
                0x3ffeec5a                dbg_stop_sw_wdt
                0x3ffeec5b                dbg_stop_hw_wdt
                0x3ffeec5d                total_buffed_eb_num
                0x3ffeec60                HighestFreqOffsetInOneChk
                0x3ffeec62                LowestFreqOffsetInOneChk
                0x3ffeec64                DefFreqCalTimer
                0x3ffeec78                PktNumInOneChk
                0x3ffeee00                buffed_eb_arr
 *fill*         0x3ffeef42        0xe 
 .bss           0x3ffeef50      0x100 ../lib/libpp.a(rate_control.o)
 .bss           0x3ffef050      0x46c ../lib/libpp.a(trc.o)
 *fill*         0x3ffef4bc        0x4 
 .bss           0x3ffef4c0     0x2f88 ../lib/libpp.a(wdev.o)
                0x3ffef4c0                wDevCtrl
                0x3ffef668                WdevTimOffSet
 *fill*         0x3fff2448        0x8 
 .bss           0x3fff2450      0xaa4 ../lib/libpp.a(esf_buf.o)
 .bss           0x3fff2ef4      0x67c ../lib/libnet80211.a(ieee80211.o)
                0x3fff2ef4                g_ic
 .bss           0x3fff3570        0x0 ../lib/libnet80211.a(ieee80211_crypto.o)
 .bss           0x3fff3570        0x0 ../lib/libnet80211.a(ieee80211_ets.o)
 .bss           0x3fff3570       0x56 ../lib/libnet80211.a(ieee80211_hostap.o)
                0x3fff3570                BcnEb_update
                0x3fff357d                BcnWithMcastSendStart
                0x3fff357e                BcnWithMcastSendCnt
                0x3fff3598                PendFreeBcnEb
                0x3fff359c                ApFreqCalTimer
                0x3fff35b0                APRecvBcnStartTick
 .bss           0x3fff35c6        0x0 ../lib/libnet80211.a(ieee80211_ht.o)
 .bss           0x3fff35c6        0x0 ../lib/libnet80211.a(ieee80211_input.o)
 .bss           0x3fff35c6        0x0 ../lib/libnet80211.a(ieee80211_mesh_quick.o)
 .bss           0x3fff35c6        0x0 ../lib/libnet80211.a(ieee80211_output.o)
 .bss           0x3fff35c6        0x0 ../lib/libnet80211.a(ieee80211_phy.o)
 .bss           0x3fff35c6        0x0 ../lib/libnet80211.a(ieee80211_power.o)
 .bss           0x3fff35c6        0x0 ../lib/libnet80211.a(ieee80211_proto.o)
 .bss           0x3fff35c6        0x0 ../lib/libnet80211.a(ieee80211_rfid.o)
 *fill*         0x3fff35c6        0x2 
 .bss           0x3fff35c8       0xc8 ../lib/libnet80211.a(ieee80211_scan.o)
                0x3fff35c8                gScanStruct
                0x3fff3674                connect_scan_flag
                0x3fff3675                FreqCalCntForScan
                0x3fff3676                TestStaFreqCalValInput
                0x3fff3678                auth_type
                0x3fff367a                scannum
 .bss           0x3fff3690       0x10 ../lib/libnet80211.a(ieee80211_sta.o)
 .bss           0x3fff36a0       0x3c ../lib/libnet80211.a(wl_chm.o)
 *fill*         0x3fff36dc        0x4 
 .bss           0x3fff36e0      0x37e ../lib/libnet80211.a(wl_cnx.o)
                0x3fff3a40                sta_con_timer
                0x3fff3a54                backup_ni_connect_status
                0x3fff3a58                g_cnx_probe_rc_list_cb
                0x3fff3a5c                reconnect_flag
                0x3fff3a5d                no_ap_found_index
 .bss           0x3fff3a5e        0x0 ../lib/libnet80211.a(ieee80211_action.o)
 *fill*         0x3fff3a5e        0x2 
 .bss           0x3fff3a60       0x10 ../lib/libnet80211.a(ieee80211_action_vendor.o)
 .bss           0x3fff3a70        0x0 ../lib/libnet80211.a(ieee80211_crypto_ccmp.o)
 .bss           0x3fff3a70        0x0 ../lib/libnet80211.a(ieee80211_ie_vendor.o)
 .bss           0x3fff3a70       0x38 ../lib/liblwip.a(dhcp.o)
                0x3fff3a70                dhcp_rx_options_given
                0x3fff3a80                dhcp_rx_options_val
 .bss           0x3fff3aa8       0x24 ../lib/liblwip.a(dhcpserver.o)
 *fill*         0x3fff3acc        0x4 
 .bss           0x3fff3ad0      0x480 ../lib/liblwip.a(dns.o)
 .bss           0x3fff3f50        0x0 ../lib/liblwip.a(espconn_mdns.o)
 .bss           0x3fff3f50      0x104 ../lib/liblwip.a(espconn.o)
                0x3fff3f50                plink_active
                0x3fff3f54                pserver_list
                0x3fff3f60                premot
                0x3fff4020                pktinfo
 *fill*         0x3fff4054        0xc 
 .bss           0x3fff4060       0x78 ../lib/liblwip.a(espconn_tcp.o)
                0x3fff4060                espconn_TaskQueue
 .bss           0x3fff40d8        0x0 ../lib/liblwip.a(espconn_udp.o)
 *fill*         0x3fff40d8        0x8 
 .bss           0x3fff40e0      0x100 ../lib/liblwip.a(etharp.o)
                0x3fff40e4                ethzero
 .bss           0x3fff41e0        0xc ../lib/liblwip.a(igmp.o)
 .bss           0x3fff41ec        0x0 ../lib/liblwip.a(inet_chksum.o)
 .bss           0x3fff41ec        0x0 ../lib/liblwip.a(init.o)
 *fill*         0x3fff41ec        0x4 
 .bss           0x3fff41f0       0x10 ../lib/liblwip.a(ip_addr.o)
 .bss           0x3fff4200       0x12 ../lib/liblwip.a(ip.o)
                0x3fff4200                current_iphdr_dest
                0x3fff4204                current_iphdr_src
                0x3fff4208                current_netif
                0x3fff420c                current_header
 *fill*         0x3fff4212        0xe 
 .bss           0x3fff4220      0x421 ../lib/liblwip.a(mdns.o)
                0x3fff4224                PUCK_SERVICE
                0x3fff422c                PUCK_PORT
                0x3fff423c                mdns_timer
 .bss           0x3fff4641        0x0 ../lib/liblwip.a(memp.o)
 *fill*         0x3fff4641        0x3 
 .bss           0x3fff4644        0x9 ../lib/liblwip.a(netif.o)
                0x3fff4644                netif_list
                0x3fff4648                netif_default
 .bss           0x3fff464d        0x0 ../lib/liblwip.a(pbuf.o)
 *fill*         0x3fff464d        0x3 
 .bss           0x3fff4650        0xa ../lib/liblwip.a(ping.o)
 *fill*         0x3fff465a        0x2 
 .bss           0x3fff465c        0x4 ../lib/liblwip.a(raw.o)
 .bss           0x3fff4660       0x34 ../lib/liblwip.a(tcp_in.o)
                0x3fff4690                tcp_input_pcb
 .bss           0x3fff4694       0x1c ../lib/liblwip.a(tcp.o)
                0x3fff4698                tcp_active_pcbs
                0x3fff469c                tcp_tmp_pcb
                0x3fff46a0                tcp_tw_pcbs
                0x3fff46a4                tcp_bound_pcbs
                0x3fff46a8                tcp_listen_pcbs
                0x3fff46ac                tcp_ticks
 .bss           0x3fff46b0        0x0 ../lib/liblwip.a(tcp_out.o)
 .bss           0x3fff46b0        0xc ../lib/liblwip.a(timers.o)
 .bss           0x3fff46bc        0x4 ../lib/liblwip.a(udp.o)
                0x3fff46bc                udp_pcbs
 .bss           0x3fff46c0        0x0 ../lib/liblwip.a(icmp.o)
 .bss           0x3fff46c0        0x0 ../lib/libwpa.a(ap_config.o)
 .bss           0x3fff46c0        0x0 ../lib/libwpa.a(common.o)
 .bss           0x3fff46c0        0x0 ../lib/libwpa.a(os_xtensa.o)
 .bss           0x3fff46c0        0x0 ../lib/libwpa.a(wpa_auth.o)
 .bss           0x3fff46c0        0x0 ../lib/libwpa.a(wpa_auth_ie.o)
 .bss           0x3fff46c0      0x26a ../lib/libwpa.a(wpa.o)
 .bss           0x3fff492a        0x0 ../lib/libwpa.a(wpa_common.o)
 .bss           0x3fff492a        0x0 ../lib/libwpa.a(wpa_debug.o)
 .bss           0x3fff492a        0x0 ../lib/libwpa.a(wpa_ie.o)
 .bss           0x3fff492a        0x0 ../lib/libwpa.a(wpa_main.o)
 .bss           0x3fff492a        0x0 ../lib/libwpa.a(wpas_glue.o)
 .bss           0x3fff492a        0x0 ../lib/libcrypto.a(aes-wrap.o)
 .bss           0x3fff492a        0x0 ../lib/libcrypto.a(aes-internal-enc.o)
 .bss           0x3fff492a        0x0 ../lib/libcrypto.a(aes-internal.o)
 *fill*         0x3fff492a        0x2 
 .bss           0x3fff492c       0x10 ../lib/libssl.a(espconn_secure.o)
                0x3fff492c                def_certificate
                0x3fff4930                def_certificate_len
                0x3fff4934                def_private_key
                0x3fff4938                def_private_key_len
 *fill*         0x3fff493c        0x4 
 .bss           0x3fff4940       0x88 ../lib/libssl.a(espconn_ssl.o)
                0x3fff4940                pfile_param
                0x3fff4948                plink_server
 .bss           0x3fff49c8        0x0 ../lib/libssl.a(ssl_loader.o)
 .bss           0x3fff49c8        0x0 ../lib/libssl.a(ssl_md5.o)
 .bss           0x3fff49c8        0x0 ../lib/libssl.a(ssl_tls1_clnt.o)
 .bss           0x3fff49c8        0x4 ../lib/libssl.a(ssl_tls1.o)
 .bss           0x3fff49cc        0x0 ../lib/libssl.a(ssl_tls1_svr.o)
 .bss           0x3fff49cc        0x0 ../lib/libssl.a(ssl_x509.o)
 .bss           0x3fff49cc        0x0 ../lib/libssl.a(sha256.o)
 .bss           0x3fff49cc        0x0 ../lib/libssl.a(sha384.o)
 .bss           0x3fff49cc        0x0 ../lib/libssl.a(sha512.o)
 .bss           0x3fff49cc        0x0 ../lib/libssl.a(ssl_aes.o)
 .bss           0x3fff49cc        0x0 ../lib/libssl.a(ssl_asn1.o)
 .bss           0x3fff49cc        0x0 ../lib/libssl.a(ssl_bigint.o)
 .bss           0x3fff49cc        0x8 ../lib/libssl.a(ssl_crypto_misc.o)
                0x3fff49cc                hex_finish
                0x3fff49d0                hex_index
 .bss           0x3fff49d4        0x0 ../lib/libssl.a(ssl_hmac.o)
 .bss           0x3fff49d4        0x0 ../lib/libssl.a(ssl_os_port.o)
 .bss           0x3fff49d4        0x0 ../lib/libssl.a(ssl_rc4.o)
 .bss           0x3fff49d4        0x0 ../lib/libssl.a(ssl_rsa.o)
 .bss           0x3fff49d4        0x0 ../lib/libssl.a(ssl_sha1.o)
 .bss           0x3fff49d4        0x4 ../lib/libwps.a(wps.o)
 .bss           0x3fff49d8        0x0 ../lib/libwps.a(wps_common.o)
 .bss           0x3fff49d8        0x0 ../lib/libwps.a(wps_dev_attr.o)
 .bss           0x3fff49d8        0x0 ../lib/libwps.a(wps_enrollee.o)
 .bss           0x3fff49d8        0x0 ../lib/libwps.a(wps_registrar.o)
 .bss           0x3fff49d8        0x0 ../lib/libwps.a(wps_validate.o)
 .bss           0x3fff49d8        0x0 ../lib/libwps.a(eap_common.o)
 .bss           0x3fff49d8        0x0 ../lib/libwps.a(uuid.o)
 .bss           0x3fff49d8        0x0 ../lib/libwps.a(wps_attr_build.o)
 .bss           0x3fff49d8        0x0 ../lib/libwps.a(wps_attr_parse.o)
 .bss           0x3fff49d8        0x0 ../lib/libwps.a(wps_attr_process.o)
 .bss           0x3fff49d8       0x30 ../lib/libsmartconfig.a(sc_sniffer.o)
                0x3fff49d8                pAPListHead
                0x3fff49dc                pAPListTral
                0x3fff49e0                smartconfig_cb
                0x3fff49e4                SnifGlob
                0x3fff49f4                channel_timer
 .bss           0x3fff4a08       0xb8 ../lib/libsmartconfig.a(sc_airkiss.o)
                0x3fff4a08                pAKGuideGlob
                0x3fff4a0c                pAkTrans
                0x3fff4a10                pAkDiret
                0x3fff4a14                KissRes_ht20_timer
                0x3fff4a90                pKissConn
                0x3fff4aac                weixin_timer
 .bss           0x3fff4ac0       0xd4 ../lib/libsmartconfig.a(sc_esptouch.o)
                0x3fff4ac0                pETGuideGlob
                0x3fff4ac4                pCHListHead
                0x3fff4ac8                pCHListTral
                0x3fff4acc                pTouchGlob
                0x3fff4ad0                TouchRestart_ht20_timer
                0x3fff4b4c                TouchRestart_ht40_timer
                0x3fff4b60                pTouchConn
                0x3fff4b7c                TouchUdpTimer
 .bss           0x3fff4b94        0x0 ../lib/libwilddog.a(wilddog_api.o)
 .bss           0x3fff4b94        0x0 ../lib/libwilddog.a(wilddog_common.o)
 .bss           0x3fff4b94        0x0 ../lib/libwilddog.a(wilddog_ct.o)
 .bss           0x3fff4b94        0x0 ../lib/libwilddog.a(wilddog_espressif.o)
 .bss           0x3fff4b94        0x0 ../lib/libwilddog.a(wilddog_node.o)
 .bss           0x3fff4b94        0x0 ../lib/libwilddog.a(wilddog_store.o)
 .bss           0x3fff4b94        0x0 ../lib/libwilddog.a(wilddog_url_parser.o)
 .bss           0x3fff4b94        0x0 ../lib/libwilddog.a(wilddog_conn.o)
 .bss           0x3fff4b94        0x0 ../lib/libwilddog.a(wilddog_conn_coap.o)
 .bss           0x3fff4b94        0x0 ../lib/libwilddog.a(wilddog_conn_manage.o)
 .bss           0x3fff4b94        0x0 ../lib/libwilddog.a(wilddog_event.o)
 .bss           0x3fff4b94        0x0 ../lib/libwilddog.a(wilddog_nosec.o)
 .bss           0x3fff4b94        0x0 ../lib/libwilddog.a(wilddog_sec_host.o)
 .bss           0x3fff4b94        0x0 ../lib/libwilddog.a(option.o)
 .bss           0x3fff4b94        0x0 ../lib/libwilddog.a(pdu.o)
 .bss           0x3fff4b94        0x0 ../lib/libwilddog.a(wilddog_cbor.o)
 .bss           0x3fff4b94        0x0 ../lib/libairkiss.a(airlink.o)
 .bss           0x3fff4b94        0x0 /opt/xtensa-lx106-elf/bin/../lib/gcc/xtensa-lx106-elf/4.8.2/libc.a(atoi.o)
 .bss           0x3fff4b94        0x0 /opt/xtensa-lx106-elf/bin/../lib/gcc/xtensa-lx106-elf/4.8.2/libc.a(rand.o)
 .bss           0x3fff4b94        0x0 /opt/xtensa-lx106-elf/bin/../lib/gcc/xtensa-lx106-elf/4.8.2/libc.a(strchr.o)
 .bss           0x3fff4b94        0x0 /opt/xtensa-lx106-elf/bin/../lib/gcc/xtensa-lx106-elf/4.8.2/libc.a(strtol.o)
 .bss           0x3fff4b94        0x0 /opt/xtensa-lx106-elf/bin/../lib/gcc/xtensa-lx106-elf/4.8.2/libc.a(impure.o)
 .bss           0x3fff4b94        0x0 ../lib/libgcc.a(_ashrdi3.o)
 .bss           0x3fff4b94        0x0 ../lib/libgcc.a(_mulsf3.o)
 .bss           0x3fff4b94        0x0 ../lib/libgcc.a(_divsf3.o)
 .bss           0x3fff4b94        0x0 ../lib/libgcc.a(_fixsfsi.o)
 .bss           0x3fff4b94        0x0 ../lib/libgcc.a(_cmpdf2.o)
 *fill*         0x3fff4b94        0x4 
 .bss           0x3fff4b98        0x8 ../lib/libnet80211.a(ieee80211_crypto_tkip.o)
 .bss           0x3fff4ba0        0x0 ../lib/libnet80211.a(ieee80211_crypto_wep.o)
 .bss           0x3fff4ba0        0x0 ../lib/libwpa.a(wpabuf.o)
 .bss           0x3fff4ba0        0x0 ../lib/libcrypto.a(aes-cbc.o)
 .bss           0x3fff4ba0        0x0 ../lib/libcrypto.a(aes-internal-dec.o)
 .bss           0x3fff4ba0        0x0 ../lib/libcrypto.a(dh_group5.o)
 .bss           0x3fff4ba0        0x0 ../lib/libcrypto.a(dh_groups.o)
 .bss           0x3fff4ba0        0x0 ../lib/libcrypto.a(sha256.o)
 .bss           0x3fff4ba0        0x0 ../lib/libcrypto.a(sha256-internal.o)
 .bss           0x3fff4ba0        0x0 ../lib/libcrypto.a(crypto_internal-modexp.o)
 .bss           0x3fff4ba0        0x0 ../lib/libcrypto.a(bignum.o)
 *(.bss.*)
 .bss.serial$2728
                0x3fff4ba0        0x1 user/.output/eagle/debug/lib/libuser.a(AtCmd_Drv.o)
 *fill*         0x3fff4ba1        0x3 
 .bss.isRxTimeSetReq
                0x3fff4ba4        0x4 user/.output/eagle/debug/lib/libuser.a(AtCmd_Drv.o)
 .bss.isRxTemperatureData
                0x3fff4ba8        0x4 user/.output/eagle/debug/lib/libuser.a(AtCmd_Drv.o)
 .bss.tRxSensorStatus
                0x3fff4bac       0x1f user/.output/eagle/debug/lib/libuser.a(AtCmd_Drv.o)
 .bss.tDeviceStatus
                0x3fff4bcb       0x1f user/.output/eagle/debug/lib/libuser.a(AtCmd_Drv.o)
 *fill*         0x3fff4bea        0x2 
 .bss.isRxRestartWifiResp
                0x3fff4bec        0x4 user/.output/eagle/debug/lib/libuser.a(AtCmd_Drv.o)
 .bss.isRxCfgModeReq
                0x3fff4bf0        0x4 user/.output/eagle/debug/lib/libuser.a(AtCmd_Drv.o)
 .bss.tHeartTickReqTimer
                0x3fff4bf4       0x14 user/.output/eagle/debug/lib/libuser.a(AtCmd_Drv.o)
 .bss.isGetDeviceInfoResp
                0x3fff4c08        0x4 user/.output/eagle/debug/lib/libuser.a(AtCmd_Drv.o)
 .bss.tDeviceInfoReqManagerTimer
                0x3fff4c0c       0x14 user/.output/eagle/debug/lib/libuser.a(AtCmd_Drv.o)
 .bss.udp_sent_cnt
                0x3fff4c20        0x1 user/.output/eagle/debug/lib/libuser.a(AirKiss_Drv.o)
                0x3fff4c20                udp_sent_cnt
 *fill*         0x3fff4c21        0x3 
 .bss.ssdp_time_serv
                0x3fff4c24       0x14 user/.output/eagle/debug/lib/libuser.a(AirKiss_Drv.o)
 .bss.pssdpudpconn
                0x3fff4c38       0x1c user/.output/eagle/debug/lib/libuser.a(AirKiss_Drv.o)
 .bss.ssdp_udp  0x3fff4c54       0x10 user/.output/eagle/debug/lib/libuser.a(AirKiss_Drv.o)
 .bss.AirKissIsOn
                0x3fff4c64        0x1 user/.output/eagle/debug/lib/libuser.a(AirKiss_Drv.o)
 *fill*         0x3fff4c65        0x1 
 .bss.StaConnCount
                0x3fff4c66        0x2 user/.output/eagle/debug/lib/libuser.a(AirKiss_Drv.o)
 .bss.StaIsConnTimer
                0x3fff4c68       0x14 user/.output/eagle/debug/lib/libuser.a(AirKiss_Drv.o)
 .bss.user_tcp  0x3fff4c7c       0x20 user/.output/eagle/debug/lib/libuser.a(user_tcpclient.o)
 .bss.user_tcp_conn
                0x3fff4c9c       0x1c user/.output/eagle/debug/lib/libuser.a(user_tcpclient.o)
 .bss.test_timer
                0x3fff4cb8       0x14 user/.output/eagle/debug/lib/libuser.a(user_tcpclient.o)
 .bss.dns_flag  0x3fff4ccc        0x1 user/.output/eagle/debug/lib/libuser.a(WildDog_Drv.o)
                0x3fff4ccc                dns_flag
 *fill*         0x3fff4ccd        0x1 
 .bss.last_status$2671
                0x3fff4cce        0x2 user/.output/eagle/debug/lib/libuser.a(GizCmdTest.o)
 .bss.tTimeSetReqTimer
                0x3fff4cd0       0x14 user/.output/eagle/debug/lib/libuser.a(GizCmdTest.o)
 .bss.tReadDevCurStatusReqTimer
                0x3fff4ce4       0x14 user/.output/eagle/debug/lib/libuser.a(GizCmdTest.o)
 .bss.tWifiTimingToCheckStatusTimer
                0x3fff4cf8       0x14 user/.output/eagle/debug/lib/libuser.a(GizCmdTest.o)
 .bss.tempSync$3288
                0x3fff4d0c       0x40 user/.output/eagle/debug/lib/libuser.a(WDJson_Drv.o)
 .bss.count$3251
                0x3fff4d4c        0x1 user/.output/eagle/debug/lib/libuser.a(WDJson_Drv.o)
 *fill*         0x3fff4d4d        0x3 
 .bss.tempSync$3272
                0x3fff4d50       0x40 user/.output/eagle/debug/lib/libuser.a(WDJson_Drv.o)
 .bss.tPushTimer
                0x3fff4d90       0x14 user/.output/eagle/debug/lib/libuser.a(WDJson_Drv.o)
 .bss.tTemperaturePushToCloudTimer
                0x3fff4da4       0x14 user/.output/eagle/debug/lib/libuser.a(WDJson_Drv.o)
 .bss.tFatherNodeSync
                0x3fff4db8       0x40 user/.output/eagle/debug/lib/libuser.a(WDJson_Drv.o)
 .bss.recentTime$2375
                0x3fff4df8        0x4 ../lib/libwilddog.a(wilddog_common.o)
 .bss.l_wilddog_currTime
                0x3fff4dfc        0x4 ../lib/libwilddog.a(wilddog_common.o)
 .bss.l_isStarted
                0x3fff4e00        0x1 ../lib/libwilddog.a(wilddog_ct.o)
 *fill*         0x3fff4e01        0x3 
 .bss.l_wilddog_containTable
                0x3fff4e04        0x8 ../lib/libwilddog.a(wilddog_ct.o)
 .bss.address   0x3fff4e0c        0x4 ../lib/libwilddog.a(wilddog_espressif.o)
 .bss.socket    0x3fff4e10       0x1c ../lib/libwilddog.a(wilddog_espressif.o)
 .bss.l_recvData
                0x3fff4e2c      0x501 ../lib/libwilddog.a(wilddog_conn_coap.o)
 *fill*         0x3fff532d        0x3 
 .bss._wilddog_coap_findRespondNode
                0x3fff5330        0x4 ../lib/libwilddog.a(wilddog_conn_coap.o)
                0x3fff5330                _wilddog_coap_findRespondNode
 .bss.p_l_cmControl
                0x3fff5334        0x4 ../lib/libwilddog.a(wilddog_conn_manage.o)
                0x3fff5334                p_l_cmControl
 .bss.d_user_node_num
                0x3fff5338        0x2 ../lib/libwilddog.a(wilddog_conn_manage.o)
 *fill*         0x3fff533a        0x2 
 .bss.l_fd      0x3fff533c        0x4 ../lib/libwilddog.a(wilddog_nosec.o)
 .bss.l_addr_in
                0x3fff5340       0x14 ../lib/libwilddog.a(wilddog_nosec.o)
 .bss.count$2250
                0x3fff5354        0x4 ../lib/libwilddog.a(wilddog_sec_host.o)
 *(.gnu.linkonce.b.*)
 *(COMMON)
 COMMON         0x3fff5358      0x132 user/.output/eagle/debug/lib/libuser.a(AirKiss_Drv.o)
                0x3fff5358                DefaultStationConfig
                0x3fff53bf                lan_buf
                0x3fff5488                lan_buf_len
 *fill*         0x3fff548a        0x2 
 COMMON         0x3fff548c        0x4 user/.output/eagle/debug/lib/libuser.a(user_tcpclient.o)
                0x3fff548c                tcp_server_ip
 COMMON         0x3fff5490       0x3c user/.output/eagle/debug/lib/libuser.a(WildDog_Drv.o)
                0x3fff5490                client_timer
                0x3fff54a4                test_timer2
                0x3fff54b8                test_timer1
 COMMON         0x3fff54cc        0x4 ../lib/libwilddog.a(wilddog_espressif.o)
                0x3fff54cc                head
                0x3fff54d0                . = ALIGN (0x8)
                0x3fff54d0                _bss_end = ABSOLUTE (.)
                0x3fff54d0                _heap_start = ABSOLUTE (.)

.text           0x40100000     0x75db
                0x40100000                _stext = .
                0x40100000                _text_start = ABSOLUTE (.)
 *(.UserEnter.text)
 .UserEnter.text
                0x40100000        0xd ../lib/libmain.a(vector.o)
                                 0x14 (size before relaxing)
                0x40100004                call_user_start
                0x40100010                . = ALIGN (0x10)
 *fill*         0x4010000d        0x3 
 *(.DebugExceptionVector.text)
 .DebugExceptionVector.text
                0x40100010        0x6 ../lib/libmain.a(debug-vector.o)
                0x40100010                _DebugExceptionVector
                0x40100020                . = ALIGN (0x10)
 *fill*         0x40100016        0xa 
 *(.NMIExceptionVector.text)
 .NMIExceptionVector.text
                0x40100020        0x6 ../lib/libmain.a(nmi-vector.o)
                                  0xd (size before relaxing)
                0x40100020                _NMIExceptionVector
                0x40100030                . = ALIGN (0x10)
 *fill*         0x40100026        0xa 
 *(.KernelExceptionVector.text)
 .KernelExceptionVector.text
                0x40100030        0x6 ../lib/libmain.a(kernel-vector.o)
                0x40100030                _KernelExceptionVector
                0x40100036        0x4 LONG 0x0
                0x4010003a        0x4 LONG 0x0
                0x4010003e        0x4 LONG 0x0
                0x40100042        0x4 LONG 0x0
                0x40100050                . = ALIGN (0x10)
 *fill*         0x40100046        0xa 
 *(.UserExceptionVector.text)
 .UserExceptionVector.text
                0x40100050        0x6 ../lib/libmain.a(user-vector.o)
                                  0xd (size before relaxing)
                0x40100050                _UserExceptionVector
                0x40100056        0x4 LONG 0x0
                0x4010005a        0x4 LONG 0x0
                0x4010005e        0x4 LONG 0x0
                0x40100062        0x4 LONG 0x0
                0x40100070                . = ALIGN (0x10)
 *fill*         0x40100066        0xa 
 *(.DoubleExceptionVector.text)
 .DoubleExceptionVector.text
                0x40100070        0x6 ../lib/libmain.a(double-vector.o)
                0x40100070                _DoubleExceptionVector
                0x40100076        0x4 LONG 0x0
                0x4010007a        0x4 LONG 0x0
                0x4010007e        0x4 LONG 0x0
                0x40100082        0x4 LONG 0x0
                0x40100090                . = ALIGN (0x10)
 *fill*         0x40100086        0xa 
 *(.entry.text)
 *(.init.literal)
 *(.init)
 *(.literal .text .literal.* .text.* .stub .gnu.warning .gnu.linkonce.literal.* .gnu.linkonce.t.*.literal .gnu.linkonce.t.*)
 .text          0x40100090       0xc7 ../lib/libmain.a(nmi-vector.o)
                                 0xcb (size before relaxing)
                0x4010009c                _NMILevelVector
 *fill*         0x40100157        0x1 
 .text          0x40100158       0x1e ../lib/libmain.a(user-vector.o)
                0x4010015c                _UserExceptionVector_1
 *fill*         0x40100176        0x2 
 .text          0x40100178      0x5fe ../lib/libmain.a(app_main.o)
                                0x66a (size before relaxing)
                0x401001b0                Cache_Read_Enable_New
                0x401001ec                NmiTimSetFunc
                0x40100210                NMI_Handler
                0x40100268                call_user_start_local
                0x401003c8                wdt_feed
 *fill*         0x40100776        0x2 
 .text          0x40100778      0x3cc ../lib/libmain.a(ets_timer.o)
                                0x450 (size before relaxing)
                0x4010084c                ets_timer_setfn
                0x40100928                ets_timer_disarm
                0x401009d8                ets_timer_arm_new
 .text          0x40100b44      0x30f ../lib/libmain.a(mem_manager.o)
                                0x367 (size before relaxing)
                0x40100b48                prvInsertBlockIntoUsedList
                0x40100b78                pvShowMalloc
                0x40100b78                system_show_malloc
                0x40100c04                prvRemoveBlockFromUsedList
                0x40100c30                xPortWantedSizeAlign
                0x40100c58                pvPortMalloc
                0x40100d20                vPortFree
                0x40100d78                pvPortCalloc
                0x40100da8                pvPortZalloc
                0x40100dc4                pvPortRealloc
 *fill*         0x40100e53        0x1 
 .text          0x40100e54      0x59d ../lib/libmain.a(spi_flash.o)
                                0x650 (size before relaxing)
                0x40100e58                Cache_Read_Disable_2
                0x40100e98                Cache_Read_Enable_2
                0x40100ee8                spi_flash_get_unique_id
                0x40101050                spi_flash_get_id
                0x401010ac                spi_flash_read_status
                0x401010e0                spi_flash_write_status
                0x40101160                spi_flash_erase_sector
                0x40101194                spi_flash_write
                0x401011e8                spi_flash_read
                0x40101264                spi_flash_issi_enable_QIO_mode
 *fill*         0x401013f1        0x3 
 .text          0x401013f4      0x2ee ../lib/libmain.a(user_interface.o)
                                0x34a (size before relaxing)
                0x40101410                os_printf_plus
                0x4010153c                system_restart_core
                0x40101574                system_deep_sleep_local_2
                0x401015e8                system_get_time
                0x40101600                system_os_post
                0x40101634                system_rtc_mem_write
                0x4010168c                system_rtc_mem_read
 *fill*         0x401016e2        0x2 
 .text.user_init
                0x401016e4       0x3f user/.output/eagle/debug/lib/libuser.a(user_main.o)
                0x401016f8                user_init
 *fill*         0x40101723        0x1 
 .text.Sys_GetVersion
                0x40101724       0x77 user/.output/eagle/debug/lib/libuser.a(GlobalFunc.o)
                0x40101740                Sys_GetVersion
 *fill*         0x4010179b        0x1 
 .text          0x4010179c      0x728 ../lib/libat.a(uart.o)
                                0x830 (size before relaxing)
                0x401017a4                uart_tx_buffer_set_size
                0x40101820                uart_tx_buffer_get_size
                0x40101830                uart_tx_one_char
                0x401018f8                uart0_rx_intr_handler_for_user
                0x401019a4                uart_tx_one_char_no_wait
                0x401019c8                uart1_sendStr_no_wait
                0x40101ac0                rx_buff_enq
                0x40101c70                tx_start_uart_buffer
                0x40101d64                uart_rx_intr_disable
                0x40101d84                uart_rx_intr_enable
                0x40101dac                at_fake_uart_rx
 .literal       0x40101ec4        0x4 /opt/xtensa-lx106-elf/bin/../lib/gcc/xtensa-lx106-elf/4.8.2/libc.a(islower.o)
 .literal       0x40101ec8        0x0 /opt/xtensa-lx106-elf/bin/../lib/gcc/xtensa-lx106-elf/4.8.2/libc.a(atoi.o)
                                  0x8 (size before relaxing)
 .literal       0x40101ec8       0x14 /opt/xtensa-lx106-elf/bin/../lib/gcc/xtensa-lx106-elf/4.8.2/libc.a(rand.o)
                                 0x1c (size before relaxing)
 .literal       0x40101edc        0x8 /opt/xtensa-lx106-elf/bin/../lib/gcc/xtensa-lx106-elf/4.8.2/libc.a(strchr.o)
 .literal       0x40101ee4        0x4 /opt/xtensa-lx106-elf/bin/../lib/gcc/xtensa-lx106-elf/4.8.2/libc.a(strtol.o)
                                 0x18 (size before relaxing)
 .literal       0x40101ee8        0x4 ../lib/libgcc.a(_mulsf3.o)
                                 0x10 (size before relaxing)
 .literal       0x40101eec        0x0 ../lib/libgcc.a(_divsf3.o)
                                 0x10 (size before relaxing)
 .literal       0x40101eec        0x0 ../lib/libgcc.a(_fixsfsi.o)
                                  0x4 (size before relaxing)
 .literal       0x40101eec        0x4 ../lib/libgcc.a(_cmpdf2.o)
                                 0x18 (size before relaxing)
 .text          0x40101ef0        0xf /opt/xtensa-lx106-elf/bin/../lib/gcc/xtensa-lx106-elf/4.8.2/libc.a(islower.o)
                0x40101ef0                islower
 *fill*         0x40101eff        0x1 
 .text          0x40101f00       0x53 ../lib/libphy.a(phy.o)
                                 0x5f (size before relaxing)
                0x40101f08                register_phy_ops
                0x40101f28                register_get_phy_addr
                0x40101f30                phy_change_channel
                0x40101f48                phy_get_mactime
 *fill*         0x40101f53        0x1 
 .text          0x40101f54      0x262 ../lib/libphy.a(phy_chip_v6_ana.o)
                                0x276 (size before relaxing)
                0x40101f74                phy_adc_read_fast
 *fill*         0x401021b6        0x2 
 .text          0x401021b8       0x4d ../lib/libphy.a(phy_chip_v6.o)
                                 0x55 (size before relaxing)
                0x401021c8                phy_debug_print
 *fill*         0x40102205        0x3 
 .text          0x40102208       0xb2 ../lib/libphy.a(phy_chip_v6_cal.o)
                                 0xba (size before relaxing)
                0x40102208                unsign_to_sign
                0x40102244                phy_get_bb_freqoffset
                0x401022ac                phy_get_bb_evm
 *fill*         0x401022ba        0x2 
 .text          0x401022bc       0xe7 ../lib/libphy.a(phy_sleep.o)
                                0x103 (size before relaxing)
                0x401022c0                pm_rtc_clock_cali
                0x40102378                clockgate_watchdog
 *fill*         0x401023a3        0x1 
 .text          0x401023a4     0x1602 ../lib/libpp.a(lmac.o)
                               0x1962 (size before relaxing)
                0x401023a8                lmacIsActive
                0x401023bc                lmacIsIdle
                0x4010283c                lmacSetAcParam
                0x40102890                lmacProcessTXStartData
                0x40102a10                lmacProcessTxSuccess
                0x40102b54                GetAccess
                0x40102b60                lmacDiscardAgedMSDU
                0x40102b74                lmacRecycleMPDU
                0x40103138                lmacProcessTxTimeout
                0x401031a0                lmacProcessAllTxTimeout
                0x401031b4                lmacProcessCollisions
                0x40103214                lmacProcessCollision
                0x40103298                lmacMSDUAged
                0x40103628                lmacProcessCtsTimeout
                0x40103660                lmacProcessAckTimeout
                0x401036b8                lmacProcessRtsStart
                0x401036c4                lmacProcessTxRtsError
                0x40103764                lmacProcessTxError
                0x401037f4                lmacTxFrame
                0x40103990                lmacRxDone
 *fill*         0x401039a6        0x2 
 .text          0x401039a8      0x8e1 ../lib/libpp.a(pp.o)
                                0x9fd (size before relaxing)
                0x401039dc                pp_soft_wdt_feed_local
                0x40103a70                ppProcessTxQ
                0x40103ae4                ppFetchTxQFirstAvail
                0x40103b24                ppDequeueTxQ
                0x40103b4c                ppRollBackTxQ
                0x40103b70                ppRecordBarRRC
                0x40103b80                ppTxqUpdateBitmap
                0x40103ba8                ppEnqueueTxDone
                0x40103bdc                ppEnqueueRxq
                0x401040c4                ppDiscardMPDU
                0x401040e8                pp_post
                0x40104174                pp_post2
                0x4010419c                ppCalTxop
                0x4010421c                ppCalFrameTimes
 *fill*         0x40104289        0x3 
 .text          0x4010428c       0xf5 ../lib/libpp.a(rate_control.o)
                                0x109 (size before relaxing)
                0x401042ac                RC_GetAckRate
                0x401042b8                RC_GetRtsRate
                0x401042c8                RC_GetAckTime
                0x401042dc                RC_GetCtsTime
                0x40104314                RC_GetBlockAckTime
 *fill*         0x40104381        0x3 
 .text          0x40104384      0x9a1 ../lib/libpp.a(trc.o)
                                0xa05 (size before relaxing)
                0x40104558                rcUpdateTxDone
                0x401045ec                rcUpdateRxDone
                0x40104648                rcUpdateDataRxDone
                0x40104664                rcGetSched
                0x40104748                rcGetRate
                0x40104c58                rcReachRetryLimit
                0x40104c70                trc_NeedRTS
 *fill*         0x40104d25        0x3 
 .text          0x40104d28     0x105b ../lib/libpp.a(wdev.o)
                               0x1347 (size before relaxing)